[    0.000959] x86/PAT: Configuration [0-7]: WB  WC  UC- UC  WB  WP  UC- WT  
[    0.001665] found SMP MP-table at [mem 0x000f6a80-0x000f6a8f]
[    0.006392] Kernel/User page tables isolation: disabled on command line.
[    0.006403] Using GB pages for direct mapping
[    0.006406] BRK [0x39602000, 0x39602fff] PGTABLE
[    0.006407] BRK [0x39603000, 0x39603fff] PGTABLE
[    0.006408] BRK [0x39604000, 0x39604fff] PGTABLE
[    0.006417] BRK [0x39605000, 0x39605fff] PGTABLE
[    0.006431] BRK [0x39606000, 0x39606fff] PGTABLE
[    0.006438] RAMDISK: [mem 0x35d63000-0x36ea8fff]
[    0.006456] ACPI: Early table checksum verification disabled
[    0.006459] ACPI: RSDP 0x00000000000F6A10 000024 (v02 PTLTD )
[    0.006463] ACPI: XSDT 0x000000003FEED6C9 000054 (v01 INTEL  440BX    06040000 VMW  01324272)
[    0.006467] ACPI: FACP 0x000000003FEFEE73 0000F4 (v04 INTEL  440BX    06040000 PTL  000F4240)
[    0.006472] ACPI: DSDT 0x000000003FEEE3E3 010A90 (v01 PTLTD  Custom   06040000 MSFT 03000001)
[    0.006477] ACPI: FACS 0x000000003FEFFFC0 000040
[    0.006479] ACPI: FACS 0x000000003FEFFFC0 000040
[    0.006482] ACPI: BOOT 0x000000003FEEE3BB 000028 (v01 PTLTD  $SBFTBL$ 06040000  LTP 00000001)
[    0.006485] ACPI: APIC 0x000000003FEEDC3D 0003C2 (v01 PTLTD  ? APIC   06040000  LTP 00000000)
[    0.006488] ACPI: MCFG 0x000000003FEEDC01 00003C (v01 PTLTD  $PCITBL$ 06040000  LTP 00000001)
[    0.006491] ACPI: SRAT 0x000000003FEED781 000480 (v02 VMWARE MEMPLUG  06040000 VMW  00000001)
[    0.006494] ACPI: WAET 0x000000003FEED759 000028 (v01 VMWARE VMW WAET 06040000 VMW  00000001)
[    0.006502] ACPI: Local APIC address 0xfee00000
[    0.006510] system APIC only can use physical flat
[    0.006511] Setting APIC routing to physical flat.
[    0.006548] SRAT: PXM 0 -> APIC 0x00 -> Node 0
[    0.006549] SRAT: PXM 0 -> APIC 0x02 -> Node 0
[    0.006550] SRAT: PXM 0 -> APIC 0x04 -> Node 0
[    0.006550] SRAT: PXM 0 -> APIC 0x06 -> Node 0
[    0.006551] SRAT: PXM 0 -> APIC 0x08 -> Node 0
[    0.006552] SRAT: PXM 0 -> APIC 0x0a -> Node 0
[    0.006553] SRAT: PXM 0 -> APIC 0x0c -> Node 0
[    0.006554] SRAT: PXM 0 -> APIC 0x0e -> Node 0
[    0.006555] SRAT: PXM 0 -> APIC 0x10 -> Node 0
[    0.006555] SRAT: PXM 0 -> APIC 0x12 -> Node 0
[    0.006556] SRAT: PXM 0 -> APIC 0x14 -> Node 0
[    0.006557] SRAT: PXM 0 -> APIC 0x16 -> Node 0
[    0.006558] SRAT: PXM 0 -> APIC 0x18 -> Node 0
[    0.006559] SRAT: PXM 0 -> APIC 0x1a -> Node 0
[    0.006559] SRAT: PXM 0 -> APIC 0x1c -> Node 0
[    0.006560] SRAT: PXM 0 -> APIC 0x1e -> Node 0
[    0.006561] SRAT: PXM 0 -> APIC 0x20 -> Node 0
[    0.006562] SRAT: PXM 0 -> APIC 0x22 -> Node 0
[    0.006563] SRAT: PXM 0 -> APIC 0x24 -> Node 0
[    0.006564] SRAT: PXM 0 -> APIC 0x26 -> Node 0
[    0.006564] SRAT: PXM 0 -> APIC 0x28 -> Node 0
[    0.006565] SRAT: PXM 0 -> APIC 0x2a -> Node 0
[    0.006566] SRAT: PXM 0 -> APIC 0x2c -> Node 0
[    0.006567] SRAT: PXM 0 -> APIC 0x2e -> Node 0
[    0.006568] SRAT: PXM 0 -> APIC 0x30 -> Node 0
[    0.006568] SRAT: PXM 0 -> APIC 0x32 -> Node 0
[    0.006569] SRAT: PXM 0 -> APIC 0x34 -> Node 0
[    0.006570] SRAT: PXM 0 -> APIC 0x36 -> Node 0
[    0.006571] SRAT: PXM 0 -> APIC 0x38 -> Node 0
[    0.006572] SRAT: PXM 0 -> APIC 0x3a -> Node 0
[    0.006572] SRAT: PXM 0 -> APIC 0x3c -> Node 0
[    0.006573] SRAT: PXM 0 -> APIC 0x3e -> Node 0
[    0.006574] SRAT: PXM 0 -> APIC 0x40 -> Node 0
[    0.006575] SRAT: PXM 0 -> APIC 0x42 -> Node 0
[    0.006576] SRAT: PXM 0 -> APIC 0x44 -> Node 0
[    0.006577] SRAT: PXM 0 -> APIC 0x46 -> Node 0
[    0.006577] SRAT: PXM 0 -> APIC 0x48 -> Node 0
[    0.006578] SRAT: PXM 0 -> APIC 0x4a -> Node 0
[    0.006579] SRAT: PXM 0 -> APIC 0x4c -> Node 0
[    0.006580] SRAT: PXM 0 -> APIC 0x4e -> Node 0
[    0.006581] SRAT: PXM 0 -> APIC 0x50 -> Node 0
[    0.006581] SRAT: PXM 0 -> APIC 0x52 -> Node 0
[    0.006582] SRAT: PXM 0 -> APIC 0x54 -> Node 0
[    0.006583] SRAT: PXM 0 -> APIC 0x56 -> Node 0
[    0.006584] SRAT: PXM 0 -> APIC 0x58 -> Node 0
[    0.006585] SRAT: PXM 0 -> APIC 0x5a -> Node 0
[    0.006585] SRAT: PXM 0 -> APIC 0x5c -> Node 0
[    0.006586] SRAT: PXM 0 -> APIC 0x5e -> Node 0
[    0.006587] SRAT: PXM 0 -> APIC 0x60 -> Node 0
[    0.006588] SRAT: PXM 0 -> APIC 0x62 -> Node 0
[    0.006589] SRAT: PXM 0 -> APIC 0x64 -> Node 0
[    0.006590] SRAT: PXM 0 -> APIC 0x66 -> Node 0
[    0.006590] SRAT: PXM 0 -> APIC 0x68 -> Node 0
[    0.006591] SRAT: PXM 0 -> APIC 0x6a -> Node 0
[    0.006592] SRAT: PXM 0 -> APIC 0x6c -> Node 0
[    0.006593] SRAT: PXM 0 -> APIC 0x6e -> Node 0
[    0.006594] SRAT: PXM 0 -> APIC 0x70 -> Node 0
[    0.006594] SRAT: PXM 0 -> APIC 0x72 -> Node 0
[    0.006595] SRAT: PXM 0 -> APIC 0x74 -> Node 0
[    0.006596] SRAT: PXM 0 -> APIC 0x76 -> Node 0
[    0.006597] SRAT: PXM 0 -> APIC 0x78 -> Node 0
[    0.006598] SRAT: PXM 0 -> APIC 0x7a -> Node 0
[    0.006598] SRAT: PXM 0 -> APIC 0x7c -> Node 0
[    0.006599] SRAT: PXM 0 -> APIC 0x7e -> Node 0
[    0.006602] ACPI: SRAT: Node 0 PXM 0 [mem 0x00000000-0x0009ffff]
[    0.006603] ACPI: SRAT: Node 0 PXM 0 [mem 0x00100000-0x3fffffff]
[    0.006606] NUMA: Node 0 [mem 0x00000000-0x0009ffff] + [mem 0x00100000-0x3fffffff] -> [mem 0x00000000-0x3fffffff]
[    0.006609] NODE_DATA(0) allocated [mem 0x3fffb000-0x3fffffff]
[    0.006619] Zone ranges:
[    0.006620]   DMA      [mem 0x0000000000001000-0x0000000000ffffff]
[    0.006621]   DMA32    [mem 0x0000000001000000-0x000000003fffffff]
[    0.006623]   Normal   empty
[    0.006624]   Device   empty
[    0.006624] Movable zone start for each node
[    0.006625] Early memory node ranges
[    0.006626]   node   0: [mem 0x0000000000001000-0x000000000009efff]
[    0.006628]   node   0: [mem 0x0000000000100000-0x000000003fedffff]
[    0.006629]   node   0: [mem 0x000000003ff00000-0x000000003fffffff]
[    0.006633] Zeroed struct page in unavailable ranges: 130 pages
[    0.006634] Initmem setup node 0 [mem 0x0000000000001000-0x000000003fffffff]
[    0.006636] On node 0 totalpages: 262014
[    0.006637]   DMA zone: 64 pages used for memmap
[    0.006637]   DMA zone: 21 pages reserved
[    0.006638]   DMA zone: 3998 pages, LIFO batch:0
[    0.006701]   DMA32 zone: 4032 pages used for memmap
[    0.006702]   DMA32 zone: 258016 pages, LIFO batch:63
[    0.007560] ACPI: PM-Timer IO Port: 0x1008
[    0.007563] ACPI: Local APIC address 0xfee00000
[    0.007570] system APIC only can use physical flat
[    0.007578] ACPI: LAPIC_NMI (acpi_id[0x00] high edge lint[0x1])
[    0.007579] ACPI: LAPIC_NMI (acpi_id[0x01] high edge lint[0x1])
[    0.007580] ACPI: LAPIC_NMI (acpi_id[0x02] high edge lint[0x1])
[    0.007581] ACPI: LAPIC_NMI (acpi_id[0x03] high edge lint[0x1])
[    0.007581] ACPI: LAPIC_NMI (acpi_id[0x04] high edge lint[0x1])
[    0.007582] ACPI: LAPIC_NMI (acpi_id[0x05] high edge lint[0x1])
[    0.007583] ACPI: LAPIC_NMI (acpi_id[0x06] high edge lint[0x1])
[    0.007584] ACPI: LAPIC_NMI (acpi_id[0x07] high edge lint[0x1])
[    0.007585] ACPI: LAPIC_NMI (acpi_id[0x08] high edge lint[0x1])
[    0.007586] ACPI: LAPIC_NMI (acpi_id[0x09] high edge lint[0x1])
[    0.007586] ACPI: LAPIC_NMI (acpi_id[0x0a] high edge lint[0x1])
[    0.007587] ACPI: LAPIC_NMI (acpi_id[0x0b] high edge lint[0x1])
[    0.007588] ACPI: LAPIC_NMI (acpi_id[0x0c] high edge lint[0x1])
[    0.007589] ACPI: LAPIC_NMI (acpi_id[0x0d] high edge lint[0x1])
[    0.007590] ACPI: LAPIC_NMI (acpi_id[0x0e] high edge lint[0x1])
[    0.007591] ACPI: LAPIC_NMI (acpi_id[0x0f] high edge lint[0x1])
[    0.007592] ACPI: LAPIC_NMI (acpi_id[0x10] high edge lint[0x1])
[    0.007592] ACPI: LAPIC_NMI (acpi_id[0x11] high edge lint[0x1])
[    0.007593] ACPI: LAPIC_NMI (acpi_id[0x12] high edge lint[0x1])
[    0.007594] ACPI: LAPIC_NMI (acpi_id[0x13] high edge lint[0x1])
[    0.007595] ACPI: LAPIC_NMI (acpi_id[0x14] high edge lint[0x1])
[    0.007596] ACPI: LAPIC_NMI (acpi_id[0x15] high edge lint[0x1])
[    0.007597] ACPI: LAPIC_NMI (acpi_id[0x16] high edge lint[0x1])
[    0.007597] ACPI: LAPIC_NMI (acpi_id[0x17] high edge lint[0x1])
[    0.007598] ACPI: LAPIC_NMI (acpi_id[0x18] high edge lint[0x1])
[    0.007599] ACPI: LAPIC_NMI (acpi_id[0x19] high edge lint[0x1])
[    0.007600] ACPI: LAPIC_NMI (acpi_id[0x1a] high edge lint[0x1])
[    0.007601] ACPI: LAPIC_NMI (acpi_id[0x1b] high edge lint[0x1])
[    0.007602] ACPI: LAPIC_NMI (acpi_id[0x1c] high edge lint[0x1])
[    0.007602] ACPI: LAPIC_NMI (acpi_id[0x1d] high edge lint[0x1])
[    0.007603] ACPI: LAPIC_NMI (acpi_id[0x1e] high edge lint[0x1])
[    0.007604] ACPI: LAPIC_NMI (acpi_id[0x1f] high edge lint[0x1])
[    0.007605] ACPI: LAPIC_NMI (acpi_id[0x20] high edge lint[0x1])
[    0.007606] ACPI: LAPIC_NMI (acpi_id[0x21] high edge lint[0x1])
[    0.007607] ACPI: LAPIC_NMI (acpi_id[0x22] high edge lint[0x1])
[    0.007608] ACPI: LAPIC_NMI (acpi_id[0x23] high edge lint[0x1])
[    0.007608] ACPI: LAPIC_NMI (acpi_id[0x24] high edge lint[0x1])
[    0.007609] ACPI: LAPIC_NMI (acpi_id[0x25] high edge lint[0x1])
[    0.007610] ACPI: LAPIC_NMI (acpi_id[0x26] high edge lint[0x1])
[    0.007611] ACPI: LAPIC_NMI (acpi_id[0x27] high edge lint[0x1])
[    0.007612] ACPI: LAPIC_NMI (acpi_id[0x28] high edge lint[0x1])
[    0.007613] ACPI: LAPIC_NMI (acpi_id[0x29] high edge lint[0x1])
[    0.007613] ACPI: LAPIC_NMI (acpi_id[0x2a] high edge lint[0x1])
[    0.007614] ACPI: LAPIC_NMI (acpi_id[0x2b] high edge lint[0x1])
[    0.007615] ACPI: LAPIC_NMI (acpi_id[0x2c] high edge lint[0x1])
[    0.007616] ACPI: LAPIC_NMI (acpi_id[0x2d] high edge lint[0x1])
[    0.007617] ACPI: LAPIC_NMI (acpi_id[0x2e] high edge lint[0x1])
[    0.007618] ACPI: LAPIC_NMI (acpi_id[0x2f] high edge lint[0x1])
[    0.007618] ACPI: LAPIC_NMI (acpi_id[0x30] high edge lint[0x1])
[    0.007619] ACPI: LAPIC_NMI (acpi_id[0x31] high edge lint[0x1])
[    0.007620] ACPI: LAPIC_NMI (acpi_id[0x32] high edge lint[0x1])
[    0.007621] ACPI: LAPIC_NMI (acpi_id[0x33] high edge lint[0x1])
[    0.007622] ACPI: LAPIC_NMI (acpi_id[0x34] high edge lint[0x1])
[    0.007623] ACPI: LAPIC_NMI (acpi_id[0x35] high edge lint[0x1])
[    0.007623] ACPI: LAPIC_NMI (acpi_id[0x36] high edge lint[0x1])
[    0.007624] ACPI: LAPIC_NMI (acpi_id[0x37] high edge lint[0x1])
[    0.007625] ACPI: LAPIC_NMI (acpi_id[0x38] high edge lint[0x1])
[    0.007626] ACPI: LAPIC_NMI (acpi_id[0x39] high edge lint[0x1])
[    0.007627] ACPI: LAPIC_NMI (acpi_id[0x3a] high edge lint[0x1])
[    0.007628] ACPI: LAPIC_NMI (acpi_id[0x3b] high edge lint[0x1])
[    0.007628] ACPI: LAPIC_NMI (acpi_id[0x3c] high edge lint[0x1])
[    0.007629] ACPI: LAPIC_NMI (acpi_id[0x3d] high edge lint[0x1])
[    0.007630] ACPI: LAPIC_NMI (acpi_id[0x3e] high edge lint[0x1])
[    0.007631] ACPI: LAPIC_NMI (acpi_id[0x3f] high edge lint[0x1])
[    0.007662] IOAPIC[0]: apic_id 1, version 17, address 0xfec00000, GSI 0-23
[    0.007666] ACPI: INT_SRC_OVR (bus 0 bus_irq 0 global_irq 2 high edge)
[    0.007668] ACPI: IRQ0 used by override.
[    0.007669] ACPI: IRQ9 used by override.
[    0.007671] Using ACPI (MADT) for SMP configuration information
[    0.007683] smpboot: 64 Processors exceeds NR_CPUS limit of 8
[    0.007684] smpboot: Allowing 8 CPUs, 6 hotplug CPUs
[    0.007692] PM: Registered nosave memory: [mem 0x00000000-0x00000fff]
[    0.007693] PM: Registered nosave memory: [mem 0x0009f000-0x0009ffff]
[    0.007694] PM: Registered nosave memory: [mem 0x000a0000-0x000dbfff]
[    0.007695] PM: Registered nosave memory: [mem 0x000dc000-0x000fffff]
[    0.007696] PM: Registered nosave memory: [mem 0x3fee0000-0x3fefefff]
[    0.007697] PM: Registered nosave memory: [mem 0x3feff000-0x3fefffff]
[    0.007699] [mem 0x40000000-0xefffffff] available for PCI devices
[    0.007702] clocksource: refined-jiffies: mask: 0xffffffff max_cycles: 0xffffffff, max_idle_ns: 7645519600211568 ns
[    0.008560] setup_percpu: NR_CPUS:8 nr_cpumask_bits:8 nr_cpu_ids:8 nr_node_ids:1
[    0.009071] percpu: Embedded 54 pages/cpu s182296 r8192 d30696 u262144
[    0.009075] pcpu-alloc: s182296 r8192 d30696 u262144 alloc=1*2097152
[    0.009076] pcpu-alloc: [0] 0 1 2 3 4 5 6 7 
[    0.009090] Built 1 zonelists, mobility grouping on.  Total pages: 257897
[    0.009091] Policy zone: DMA32
[    0.009094] Kernel command line: BOOT_IMAGE=/vmlinuz-5.5.0-rc3-blastwave root=UUID=3f2e8744-2df5-4b91-8000-dfbc5e634841 ro pti=off spectre_v2=off l1tf=off nospec_store_bypass_disable no_stf_barrier verbose
[    0.009398] Dentry cache hash table entries: 131072 (order: 8, 1048576 bytes, linear)
[    0.009419] Inode-cache hash table entries: 65536 (order: 7, 524288 bytes, linear)
[    0.009558] mem auto-init: stack:off, heap alloc:off, heap free:off
[    0.010417] Memory: 985920K/1048056K available (10244K kernel code, 1126K rwdata, 3800K rodata, 1460K init, 2372K bss, 62136K reserved, 0K cma-reserved)
[    0.010544] SLUB: HWalign=64, Order=0-3, MinObjects=0, CPUs=8, Nodes=1
[    0.010554] ftrace: allocating 33158 entries in 130 pages
[    0.012272] ftrace: allocated 130 pages with 2 groups
[    0.012357] rcu: Hierarchical RCU implementation.
[    0.012359] rcu: RCU calculated value of scheduler-enlistment delay is 25 jiffies.
[    0.013723] NR_IRQS: 4352, nr_irqs: 488, preallocated irqs: 16
[    0.014024] random: crng done (trusting CPU's manufacturer)
[    0.014891] Console: colour VGA+ 80x25
[    0.015750] printk: console [tty0] enabled
[    0.015799] ACPI: Core revision 20191018
[    0.015936] APIC: Switch to symmetric I/O mode setup
[    0.015999] x2apic: IRQ remapping doesn't support X2APIC mode
[    0.016061] ..TIMER: vector=0x30 apic1=0 pin1=2 apic2=-1 pin2=-1
[    0.035924] clocksource: tsc-early: mask: 0xffffffffffffffff max_cycles: 0x3280037a103, max_idle_ns: 440795205853 ns
[    0.035989] Calibrating delay loop (skipped), value calculated using timer frequency.. 7006.88 BogoMIPS (lpj=14013764)
[    0.036052] pid_max: default: 32768 minimum: 301
[    0.036115] LSM: Security Framework initializing
[    0.036155] Yama: becoming mindful.
[    0.036206] AppArmor: AppArmor initialized
[    0.036242] TOMOYO Linux initialized
[    0.036291] Mount-cache hash table entries: 2048 (order: 2, 16384 bytes, linear)
[    0.036347] Mountpoint-cache hash table entries: 2048 (order: 2, 16384 bytes, linear)
[    0.036651] Disabled fast string operations
[    0.036714] Last level iTLB entries: 4KB 128, 2MB 8, 4MB 8
[    0.036756] Last level dTLB entries: 4KB 64, 2MB 0, 4MB 0, 1GB 4
[    0.036806] Spectre V1 : Mitigation: usercopy/swapgs barriers and __user pointer sanitization
[    0.036866] Spectre V2 : off selected on command line.
[    0.036905] Speculative Store Bypass: Vulnerable
[    0.036943] MDS: Vulnerable: Clear CPU buffers attempted, no microcode
[    0.037006] Freeing SMP alternatives memory: 28K
[    0.145342] smpboot: CPU0: Intel(R) Pentium(R) CPU G4500 @ 3.50GHz (family: 0x6, model: 0x5e, stepping: 0x3)
[    0.145573] Performance Events: Skylake events, core PMU driver.
[    0.145636] core: CPUID marked event: 'cpu cycles' unavailable
[    0.145678] core: CPUID marked event: 'instructions' unavailable
[    0.145721] core: CPUID marked event: 'bus cycles' unavailable
[    0.145763] core: CPUID marked event: 'cache references' unavailable
[    0.145808] core: CPUID marked event: 'cache misses' unavailable
[    0.145851] core: CPUID marked event: 'branch instructions' unavailable
[    0.145897] core: CPUID marked event: 'branch misses' unavailable
[    0.145941] ... version:                1
[    0.145975] ... bit width:              48
[    0.146009] ... generic registers:      8
[    0.146042] ... value mask:             0000ffffffffffff
[    0.146081] ... max period:             000000007fffffff
[    0.146121] ... fixed-purpose events:   0
[    0.146154] ... event mask:             00000000000000ff
[    0.146247] rcu: Hierarchical SRCU implementation.
[    0.146540] NMI watchdog: Perf NMI watchdog permanently disabled
[    0.146683] smp: Bringing up secondary CPUs ...
[    0.146839] x86: Booting SMP configuration:
[    0.146875] .... node  #0, CPUs:      #1
[    0.005992] Disabled fast string operations
[    0.005992] smpboot: CPU 1 Converting physical 2 to logical package 1
[    0.005992] smpboot: CPU 1 Converting physical 0 to logical die 1
[    0.232132] smp: Brought up 1 node, 2 CPUs
[    0.232195] smpboot: Max logical packages: 64
[    0.232231] smpboot: Total of 2 processors activated (14001.57 BogoMIPS)
[    0.232472] devtmpfs: initialized
[    0.232472] x86/mm: Memory block size: 128MB
[    0.232472] PM: Registering ACPI NVS region [mem 0x3feff000-0x3fefffff] (4096 bytes)
[    0.232472] clocksource: jiffies: mask: 0xffffffff max_cycles: 0xffffffff, max_idle_ns: 7645041785100000 ns
[    0.232472] futex hash table entries: 2048 (order: 5, 131072 bytes, linear)
[    0.232472] pinctrl core: initialized pinctrl subsystem
[    0.232472] thermal_sys: Registered thermal governor 'fair_share'
[    0.232472] thermal_sys: Registered thermal governor 'bang_bang'
[    0.232472] thermal_sys: Registered thermal governor 'step_wise'
[    0.232510] thermal_sys: Registered thermal governor 'user_space'
[    0.232629] NET: Registered protocol family 16
[    0.232721] audit: initializing netlink subsys (disabled)
[    0.232798] audit: type=2000 audit(1577173549.216:1): state=initialized audit_enabled=0 res=1
[    0.232798] cpuidle: using governor ladder
[    0.232798] cpuidle: using governor menu
[    0.232798] Simple Boot Flag at 0x36 set to 0x80
[    0.232798] ACPI: bus type PCI registered
[    0.232798] acpiphp: ACPI Hot Plug PCI Controller Driver version: 0.5
[    0.232798] PCI: MMCONFIG for domain 0000 [bus 00-7f] at [mem 0xf0000000-0xf7ffffff] (base 0xf0000000)
[    0.232798] PCI: MMCONFIG at [mem 0xf0000000-0xf7ffffff] reserved in E820
[    0.232798] PCI: Using configuration type 1 for base access
[    0.233068] HugeTLB registered 1.00 GiB page size, pre-allocated 0 pages
[    0.233068] HugeTLB registered 2.00 MiB page size, pre-allocated 0 pages
[    0.316077] ACPI: Added _OSI(Module Device)
[    0.316119] ACPI: Added _OSI(Processor Device)
[    0.316155] ACPI: Added _OSI(3.0 _SCP Extensions)
[    0.316191] ACPI: Added _OSI(Processor Aggregator Device)
[    0.316231] ACPI: Added _OSI(Linux-Dell-Video)
[    0.316267] ACPI: Added _OSI(Linux-Lenovo-NV-HDMI-Audio)
[    0.316307] ACPI: Added _OSI(Linux-HPI-Hybrid-Graphics)
[    0.320099] ACPI: 1 ACPI AML tables successfully acquired and loaded
[    0.320161] ACPI: [Firmware Bug]: BIOS _OSI(Linux) query ignored
[    0.324558] ACPI: Interpreter enabled
[    0.324605] ACPI: (supports S0 S1 S4 S5)
[    0.324639] ACPI: Using IOAPIC for interrupt routing
[    0.324692] PCI: Using host bridge windows from ACPI; if necessary, use "pci=nocrs" and report a bug
[    0.324755] ACPI: Enabled 4 GPEs in block 00 to 0F
[    0.341726] ACPI: PCI Root Bridge [PCI0] (domain 0000 [bus 00-7f])
[    0.341782] acpi PNP0A03:00: _OSC: OS supports [ExtendedConfig ASPM ClockPM Segments MSI HPX-Type3]
[    0.341844] acpi PNP0A03:00: _OSC: platform does not support [AER LTR]
[    0.341907] acpi PNP0A03:00: _OSC: OS now controls [PCIeHotplug SHPCHotplug PME PCIeCapability]
[    0.342125] PCI host bridge to bus 0000:00
[    0.342162] pci_bus 0000:00: root bus resource [mem 0x000a0000-0x000bffff window]
[    0.342215] pci_bus 0000:00: root bus resource [mem 0x000cc000-0x000cffff window]
[    0.342268] pci_bus 0000:00: root bus resource [mem 0x000d0000-0x000d3fff window]
[    0.342321] pci_bus 0000:00: root bus resource [mem 0x000d4000-0x000d7fff window]
[    0.342374] pci_bus 0000:00: root bus resource [mem 0x000d8000-0x000dbfff window]
[    0.342428] pci_bus 0000:00: root bus resource [mem 0x40000000-0xfebfffff window]
[    0.342481] pci_bus 0000:00: root bus resource [io  0x0000-0x0cf7 window]
[    0.342528] pci_bus 0000:00: root bus resource [io  0x0d00-0xfeff window]
[    0.342576] pci_bus 0000:00: root bus resource [bus 00-7f]
[    0.342639] pci 0000:00:00.0: [8086:7190] type 00 class 0x060000
[    0.342748] pci 0000:00:01.0: [8086:7191] type 01 class 0x060400
[    0.342886] pci 0000:00:07.0: [8086:7110] type 00 class 0x060100
[    0.343000] pci 0000:00:07.1: [8086:7111] type 00 class 0x01018a
[    0.344088] pci 0000:00:07.1: reg 0x20: [io  0x1060-0x106f]
[    0.344151] pci 0000:00:07.1: legacy IDE quirk: reg 0x10: [io  0x01f0-0x01f7]
[    0.344201] pci 0000:00:07.1: legacy IDE quirk: reg 0x14: [io  0x03f6]
[    0.344247] pci 0000:00:07.1: legacy IDE quirk: reg 0x18: [io  0x0170-0x0177]
[    0.344296] pci 0000:00:07.1: legacy IDE quirk: reg 0x1c: [io  0x0376]
[    0.344472] pci 0000:00:07.3: [8086:7113] type 00 class 0x068000
[    0.344535] pci 0000:00:07.3: quirk: [io  0x1000-0x103f] claimed by PIIX4 ACPI
[    0.344597] pci 0000:00:07.3: quirk: [io  0x1040-0x104f] claimed by PIIX4 SMB
[    0.344722] pci 0000:00:07.7: [15ad:0740] type 00 class 0x088000
[    0.344785] pci 0000:00:07.7: reg 0x10: [io  0x1080-0x10bf]
[    0.344847] pci 0000:00:07.7: reg 0x14: [mem 0xfebfe000-0xfebfffff 64bit]
[    0.344972] pci 0000:00:0f.0: [15ad:0405] type 00 class 0x030000
[    0.345035] pci 0000:00:0f.0: reg 0x10: [io  0x1070-0x107f]
[    0.347998] pci 0000:00:0f.0: reg 0x14: [mem 0xe8000000-0xefffffff pref]
[    0.348060] pci 0000:00:0f.0: reg 0x18: [mem 0xfe000000-0xfe7fffff]
[    0.352148] pci 0000:00:0f.0: reg 0x30: [mem 0x00000000-0x00007fff pref]
[    0.352277] pci 0000:00:10.0: [1000:0030] type 00 class 0x010000
[    0.352339] pci 0000:00:10.0: reg 0x10: [io  0x1400-0x14ff]
[    0.352402] pci 0000:00:10.0: reg 0x14: [mem 0xfeba0000-0xfebbffff 64bit]
[    0.352464] pci 0000:00:10.0: reg 0x1c: [mem 0xfebc0000-0xfebdffff 64bit]
[    0.352527] pci 0000:00:10.0: reg 0x30: [mem 0x00000000-0x00003fff pref]
[    0.352652] pci 0000:00:11.0: [15ad:0790] type 01 class 0x060401
[    0.352788] pci 0000:00:15.0: [15ad:07a0] type 01 class 0x060400
[    0.352850] pci 0000:00:15.0: PME# supported from D0 D3hot D3cold
[    0.352996] pci 0000:00:15.1: [15ad:07a0] type 01 class 0x060400
[    0.353059] pci 0000:00:15.1: PME# supported from D0 D3hot D3cold
[    0.353196] pci 0000:00:15.2: [15ad:07a0] type 01 class 0x060400
[    0.353258] pci 0000:00:15.2: PME# supported from D0 D3hot D3cold
[    0.353401] pci 0000:00:15.3: [15ad:07a0] type 01 class 0x060400
[    0.353463] pci 0000:00:15.3: PME# supported from D0 D3hot D3cold
[    0.353609] pci 0000:00:15.4: [15ad:07a0] type 01 class 0x060400
[    0.353671] pci 0000:00:15.4: PME# supported from D0 D3hot D3cold
[    0.353805] pci 0000:00:15.5: [15ad:07a0] type 01 class 0x060400
[    0.353868] pci 0000:00:15.5: PME# supported from D0 D3hot D3cold
[    0.354023] pci 0000:00:15.6: [15ad:07a0] type 01 class 0x060400
[    0.354086] pci 0000:00:15.6: PME# supported from D0 D3hot D3cold
[    0.354223] pci 0000:00:15.7: [15ad:07a0] type 01 class 0x060400
[    0.354285] pci 0000:00:15.7: PME# supported from D0 D3hot D3cold
[    0.354422] pci 0000:00:16.0: [15ad:07a0] type 01 class 0x060400
[    0.354485] pci 0000:00:16.0: PME# supported from D0 D3hot D3cold
[    0.354630] pci 0000:00:16.1: [15ad:07a0] type 01 class 0x060400
[    0.354692] pci 0000:00:16.1: PME# supported from D0 D3hot D3cold
[    0.354827] pci 0000:00:16.2: [15ad:07a0] type 01 class 0x060400
[    0.354889] pci 0000:00:16.2: PME# supported from D0 D3hot D3cold
[    0.355040] pci 0000:00:16.3: [15ad:07a0] type 01 class 0x060400
[    0.355102] pci 0000:00:16.3: PME# supported from D0 D3hot D3cold
[    0.355237] pci 0000:00:16.4: [15ad:07a0] type 01 class 0x060400
[    0.355299] pci 0000:00:16.4: PME# supported from D0 D3hot D3cold
[    0.355445] pci 0000:00:16.5: [15ad:07a0] type 01 class 0x060400
[    0.356058] pci 0000:00:16.5: PME# supported from D0 D3hot D3cold
[    0.356195] pci 0000:00:16.6: [15ad:07a0] type 01 class 0x060400
[    0.356257] pci 0000:00:16.6: PME# supported from D0 D3hot D3cold
[    0.356407] pci 0000:00:16.7: [15ad:07a0] type 01 class 0x060400
[    0.356470] pci 0000:00:16.7: PME# supported from D0 D3hot D3cold
[    0.356604] pci 0000:00:17.0: [15ad:07a0] type 01 class 0x060400
[    0.356666] pci 0000:00:17.0: PME# supported from D0 D3hot D3cold
[    0.356815] pci 0000:00:17.1: [15ad:07a0] type 01 class 0x060400
[    0.356878] pci 0000:00:17.1: PME# supported from D0 D3hot D3cold
[    0.357022] pci 0000:00:17.2: [15ad:07a0] type 01 class 0x060400
[    0.357084] pci 0000:00:17.2: PME# supported from D0 D3hot D3cold
[    0.357229] pci 0000:00:17.3: [15ad:07a0] type 01 class 0x060400
[    0.357292] pci 0000:00:17.3: PME# supported from D0 D3hot D3cold
[    0.357439] pci 0000:00:17.4: [15ad:07a0] type 01 class 0x060400
[    0.357501] pci 0000:00:17.4: PME# supported from D0 D3hot D3cold
[    0.357637] pci 0000:00:17.5: [15ad:07a0] type 01 class 0x060400
[    0.357699] pci 0000:00:17.5: PME# supported from D0 D3hot D3cold
[    0.357834] pci 0000:00:17.6: [15ad:07a0] type 01 class 0x060400
[    0.357897] pci 0000:00:17.6: PME# supported from D0 D3hot D3cold
[    0.358033] pci 0000:00:17.7: [15ad:07a0] type 01 class 0x060400
[    0.358096] pci 0000:00:17.7: PME# supported from D0 D3hot D3cold
[    0.358232] pci 0000:00:18.0: [15ad:07a0] type 01 class 0x060400
[    0.358294] pci 0000:00:18.0: PME# supported from D0 D3hot D3cold
[    0.358442] pci 0000:00:18.1: [15ad:07a0] type 01 class 0x060400
[    0.358505] pci 0000:00:18.1: PME# supported from D0 D3hot D3cold
[    0.358639] pci 0000:00:18.2: [15ad:07a0] type 01 class 0x060400
[    0.358701] pci 0000:00:18.2: PME# supported from D0 D3hot D3cold
[    0.358855] pci 0000:00:18.3: [15ad:07a0] type 01 class 0x060400
[    0.358917] pci 0000:00:18.3: PME# supported from D0 D3hot D3cold
[    0.359052] pci 0000:00:18.4: [15ad:07a0] type 01 class 0x060400
[    0.359114] pci 0000:00:18.4: PME# supported from D0 D3hot D3cold
[    0.359250] pci 0000:00:18.5: [15ad:07a0] type 01 class 0x060400
[    0.359988] pci 0000:00:18.5: PME# supported from D0 D3hot D3cold
[    0.360138] pci 0000:00:18.6: [15ad:07a0] type 01 class 0x060400
[    0.360201] pci 0000:00:18.6: PME# supported from D0 D3hot D3cold
[    0.360356] pci 0000:00:18.7: [15ad:07a0] type 01 class 0x060400
[    0.360418] pci 0000:00:18.7: PME# supported from D0 D3hot D3cold
[    0.360554] pci_bus 0000:01: extended config space not accessible
[    0.360616] pci 0000:00:01.0: PCI bridge to [bus 01]
[    0.360679] pci_bus 0000:02: extended config space not accessible
[    0.360879] acpiphp: Slot [32] registered
[    0.360933] acpiphp: Slot [33] registered
[    0.360984] acpiphp: Slot [34] registered
[    0.361037] acpiphp: Slot [35] registered
[    0.361089] acpiphp: Slot [36] registered
[    0.361139] acpiphp: Slot [37] registered
[    0.361189] acpiphp: Slot [38] registered
[    0.361239] acpiphp: Slot [39] registered
[    0.361288] acpiphp: Slot [40] registered
[    0.361346] acpiphp: Slot [41] registered
[    0.361397] acpiphp: Slot [42] registered
[    0.361447] acpiphp: Slot [43] registered
[    0.361497] acpiphp: Slot [44] registered
[    0.361548] acpiphp: Slot [45] registered
[    0.361598] acpiphp: Slot [46] registered
[    0.361651] acpiphp: Slot [47] registered
[    0.361704] acpiphp: Slot [48] registered
[    0.361754] acpiphp: Slot [49] registered
[    0.361805] acpiphp: Slot [50] registered
[    0.361855] acpiphp: Slot [51] registered
[    0.361905] acpiphp: Slot [52] registered
[    0.361955] acpiphp: Slot [53] registered
[    0.362008] acpiphp: Slot [54] registered
[    0.362058] acpiphp: Slot [55] registered
[    0.362108] acpiphp: Slot [56] registered
[    0.362159] acpiphp: Slot [57] registered
[    0.362210] acpiphp: Slot [58] registered
[    0.362260] acpiphp: Slot [59] registered
[    0.362313] acpiphp: Slot [60] registered
[    0.362363] acpiphp: Slot [61] registered
[    0.362414] acpiphp: Slot [62] registered
[    0.362464] acpiphp: Slot [63] registered
[    0.362526] pci 0000:02:00.0: [8086:100f] type 00 class 0x020000
[    0.362589] pci 0000:02:00.0: reg 0x10: [mem 0xfd5c0000-0xfd5dffff 64bit]
[    0.362651] pci 0000:02:00.0: reg 0x18: [mem 0xfdff0000-0xfdffffff 64bit]
[    0.362714] pci 0000:02:00.0: reg 0x20: [io  0x2000-0x203f]
[    0.364066] pci 0000:02:00.0: reg 0x30: [mem 0x00000000-0x0000ffff pref]
[    0.364129] pci 0000:02:00.0: PME# supported from D0 D3hot D3cold
[    0.364314] pci 0000:00:11.0: PCI bridge to [bus 02] (subtractive decode)
[    0.364377] pci 0000:00:11.0:   bridge window [io  0x2000-0x3fff]
[    0.364437] pci 0000:00:11.0:   bridge window [mem 0xfd500000-0xfdffffff]
[    0.364499] pci 0000:00:11.0:   bridge window [mem 0xe7b00000-0xe7ffffff 64bit pref]
[    0.364555] pci 0000:00:11.0:   bridge window [mem 0x000a0000-0x000bffff window] (subtractive decode)
[    0.364616] pci 0000:00:11.0:   bridge window [mem 0x000cc000-0x000cffff window] (subtractive decode)
[    0.364678] pci 0000:00:11.0:   bridge window [mem 0x000d0000-0x000d3fff window] (subtractive decode)
[    0.364739] pci 0000:00:11.0:   bridge window [mem 0x000d4000-0x000d7fff window] (subtractive decode)
[    0.364800] pci 0000:00:11.0:   bridge window [mem 0x000d8000-0x000dbfff window] (subtractive decode)
[    0.364861] pci 0000:00:11.0:   bridge window [mem 0x40000000-0xfebfffff window] (subtractive decode)
[    0.364923] pci 0000:00:11.0:   bridge window [io  0x0000-0x0cf7 window] (subtractive decode)
[    0.364982] pci 0000:00:11.0:   bridge window [io  0x0d00-0xfeff window] (subtractive decode)
[    0.365089] pci 0000:00:15.0: PCI bridge to [bus 03]
[    0.365144] pci 0000:00:15.0:   bridge window [io  0x4000-0x4fff]
[    0.365204] pci 0000:00:15.0:   bridge window [mem 0xfd400000-0xfd4fffff]
[    0.365267] pci 0000:00:15.0:   bridge window [mem 0xe7a00000-0xe7afffff 64bit pref]
[    0.365329] pci 0000:00:15.1: PCI bridge to [bus 04]
[    0.365385] pci 0000:00:15.1:   bridge window [io  0x8000-0x8fff]
[    0.365445] pci 0000:00:15.1:   bridge window [mem 0xfd000000-0xfd0fffff]
[    0.365507] pci 0000:00:15.1:   bridge window [mem 0xe7600000-0xe76fffff 64bit pref]
[    0.365615] pci 0000:00:15.2: PCI bridge to [bus 05]
[    0.365670] pci 0000:00:15.2:   bridge window [io  0xc000-0xcfff]
[    0.365730] pci 0000:00:15.2:   bridge window [mem 0xfcc00000-0xfccfffff]
[    0.365792] pci 0000:00:15.2:   bridge window [mem 0xe7200000-0xe72fffff 64bit pref]
[    0.365895] pci 0000:00:15.3: PCI bridge to [bus 06]
[    0.365957] pci 0000:00:15.3:   bridge window [mem 0xfc800000-0xfc8fffff]
[    0.366020] pci 0000:00:15.3:   bridge window [mem 0xe6e00000-0xe6efffff 64bit pref]
[    0.366114] pci 0000:00:15.4: PCI bridge to [bus 07]
[    0.366177] pci 0000:00:15.4:   bridge window [mem 0xfc400000-0xfc4fffff]
[    0.366239] pci 0000:00:15.4:   bridge window [mem 0xe6a00000-0xe6afffff 64bit pref]
[    0.366302] pci 0000:00:15.5: PCI bridge to [bus 08]
[    0.366364] pci 0000:00:15.5:   bridge window [mem 0xfc000000-0xfc0fffff]
[    0.366427] pci 0000:00:15.5:   bridge window [mem 0xe6600000-0xe66fffff 64bit pref]
[    0.366543] pci 0000:00:15.6: PCI bridge to [bus 09]
[    0.366605] pci 0000:00:15.6:   bridge window [mem 0xfbc00000-0xfbcfffff]
[    0.366668] pci 0000:00:15.6:   bridge window [mem 0xe6200000-0xe62fffff 64bit pref]
[    0.366771] pci 0000:00:15.7: PCI bridge to [bus 0a]
[    0.366834] pci 0000:00:15.7:   bridge window [mem 0xfb800000-0xfb8fffff]
[    0.366896] pci 0000:00:15.7:   bridge window [mem 0xe5e00000-0xe5efffff 64bit pref]
[    0.366959] pci 0000:00:16.0: PCI bridge to [bus 0b]
[    0.367016] pci 0000:00:16.0:   bridge window [io  0x5000-0x5fff]
[    0.367078] pci 0000:00:16.0:   bridge window [mem 0xfd300000-0xfd3fffff]
[    0.367140] pci 0000:00:16.0:   bridge window [mem 0xe7900000-0xe79fffff 64bit pref]
[    0.367247] pci 0000:00:16.1: PCI bridge to [bus 0c]
[    0.367305] pci 0000:00:16.1:   bridge window [io  0x9000-0x9fff]
[    0.367367] pci 0000:00:16.1:   bridge window [mem 0xfcf00000-0xfcffffff]
[    0.367429] pci 0000:00:16.1:   bridge window [mem 0xe7500000-0xe75fffff 64bit pref]
[    0.367534] pci 0000:00:16.2: PCI bridge to [bus 0d]
[    0.367591] pci 0000:00:16.2:   bridge window [io  0xd000-0xdfff]
[    0.367654] pci 0000:00:16.2:   bridge window [mem 0xfcb00000-0xfcbfffff]
[    0.367716] pci 0000:00:16.2:   bridge window [mem 0xe7100000-0xe71fffff 64bit pref]
[    0.367988] pci 0000:00:16.3: PCI bridge to [bus 0e]
[    0.368057] pci 0000:00:16.3:   bridge window [mem 0xfc700000-0xfc7fffff]
[    0.368120] pci 0000:00:16.3:   bridge window [mem 0xe6d00000-0xe6dfffff 64bit pref]
[    0.368182] pci 0000:00:16.4: PCI bridge to [bus 0f]
[    0.368245] pci 0000:00:16.4:   bridge window [mem 0xfc300000-0xfc3fffff]
[    0.368307] pci 0000:00:16.4:   bridge window [mem 0xe6900000-0xe69fffff 64bit pref]
[    0.368421] pci 0000:00:16.5: PCI bridge to [bus 10]
[    0.368484] pci 0000:00:16.5:   bridge window [mem 0xfbf00000-0xfbffffff]
[    0.368546] pci 0000:00:16.5:   bridge window [mem 0xe6500000-0xe65fffff 64bit pref]
[    0.368653] pci 0000:00:16.6: PCI bridge to [bus 11]
[    0.368716] pci 0000:00:16.6:   bridge window [mem 0xfbb00000-0xfbbfffff]
[    0.368778] pci 0000:00:16.6:   bridge window [mem 0xe6100000-0xe61fffff 64bit pref]
[    0.368873] pci 0000:00:16.7: PCI bridge to [bus 12]
[    0.368936] pci 0000:00:16.7:   bridge window [mem 0xfb700000-0xfb7fffff]
[    0.368998] pci 0000:00:16.7:   bridge window [mem 0xe5d00000-0xe5dfffff 64bit pref]
[    0.369154] pci 0000:00:17.0: PCI bridge to [bus 13]
[    0.369211] pci 0000:00:17.0:   bridge window [io  0x6000-0x6fff]
[    0.369273] pci 0000:00:17.0:   bridge window [mem 0xfd200000-0xfd2fffff]
[    0.369335] pci 0000:00:17.0:   bridge window [mem 0xe7800000-0xe78fffff 64bit pref]
[    0.369439] pci 0000:00:17.1: PCI bridge to [bus 14]
[    0.369496] pci 0000:00:17.1:   bridge window [io  0xa000-0xafff]
[    0.369558] pci 0000:00:17.1:   bridge window [mem 0xfce00000-0xfcefffff]
[    0.369620] pci 0000:00:17.1:   bridge window [mem 0xe7400000-0xe74fffff 64bit pref]
[    0.369723] pci 0000:00:17.2: PCI bridge to [bus 15]
[    0.369780] pci 0000:00:17.2:   bridge window [io  0xe000-0xefff]
[    0.369841] pci 0000:00:17.2:   bridge window [mem 0xfca00000-0xfcafffff]
[    0.369904] pci 0000:00:17.2:   bridge window [mem 0xe7000000-0xe70fffff 64bit pref]
[    0.369966] pci 0000:00:17.3: PCI bridge to [bus 16]
[    0.370029] pci 0000:00:17.3:   bridge window [mem 0xfc600000-0xfc6fffff]
[    0.370091] pci 0000:00:17.3:   bridge window [mem 0xe6c00000-0xe6cfffff 64bit pref]
[    0.370196] pci 0000:00:17.4: PCI bridge to [bus 17]
[    0.370258] pci 0000:00:17.4:   bridge window [mem 0xfc200000-0xfc2fffff]
[    0.370321] pci 0000:00:17.4:   bridge window [mem 0xe6800000-0xe68fffff 64bit pref]
[    0.370424] pci 0000:00:17.5: PCI bridge to [bus 18]
[    0.370486] pci 0000:00:17.5:   bridge window [mem 0xfbe00000-0xfbefffff]
[    0.370549] pci 0000:00:17.5:   bridge window [mem 0xe6400000-0xe64fffff 64bit pref]
[    0.370643] pci 0000:00:17.6: PCI bridge to [bus 19]
[    0.370705] pci 0000:00:17.6:   bridge window [mem 0xfba00000-0xfbafffff]
[    0.370768] pci 0000:00:17.6:   bridge window [mem 0xe6000000-0xe60fffff 64bit pref]
[    0.370830] pci 0000:00:17.7: PCI bridge to [bus 1a]
[    0.370893] pci 0000:00:17.7:   bridge window [mem 0xfb600000-0xfb6fffff]
[    0.370955] pci 0000:00:17.7:   bridge window [mem 0xe5c00000-0xe5cfffff 64bit pref]
[    0.371059] pci 0000:00:18.0: PCI bridge to [bus 1b]
[    0.371114] pci 0000:00:18.0:   bridge window [io  0x7000-0x7fff]
[    0.371174] pci 0000:00:18.0:   bridge window [mem 0xfd100000-0xfd1fffff]
[    0.371237] pci 0000:00:18.0:   bridge window [mem 0xe7700000-0xe77fffff 64bit pref]
[    0.371338] pci 0000:00:18.1: PCI bridge to [bus 1c]
[    0.371393] pci 0000:00:18.1:   bridge window [io  0xb000-0xbfff]
[    0.371453] pci 0000:00:18.1:   bridge window [mem 0xfcd00000-0xfcdfffff]
[    0.371516] pci 0000:00:18.1:   bridge window [mem 0xe7300000-0xe73fffff 64bit pref]
[    0.371578] pci 0000:00:18.2: PCI bridge to [bus 1d]
[    0.371641] pci 0000:00:18.2:   bridge window [mem 0xfc900000-0xfc9fffff]
[    0.371703] pci 0000:00:18.2:   bridge window [mem 0xe6f00000-0xe6ffffff 64bit pref]
[    0.371807] pci 0000:00:18.3: PCI bridge to [bus 1e]
[    0.371870] pci 0000:00:18.3:   bridge window [mem 0xfc500000-0xfc5fffff]
[    0.371932] pci 0000:00:18.3:   bridge window [mem 0xe6b00000-0xe6bfffff 64bit pref]
[    0.372103] pci 0000:00:18.4: PCI bridge to [bus 1f]
[    0.372165] pci 0000:00:18.4:   bridge window [mem 0xfc100000-0xfc1fffff]
[    0.372228] pci 0000:00:18.4:   bridge window [mem 0xe6700000-0xe67fffff 64bit pref]
[    0.372337] pci 0000:00:18.5: PCI bridge to [bus 20]
[    0.372399] pci 0000:00:18.5:   bridge window [mem 0xfbd00000-0xfbdfffff]
[    0.372462] pci 0000:00:18.5:   bridge window [mem 0xe6300000-0xe63fffff 64bit pref]
[    0.372555] pci 0000:00:18.6: PCI bridge to [bus 21]
[    0.372618] pci 0000:00:18.6:   bridge window [mem 0xfb900000-0xfb9fffff]
[    0.372680] pci 0000:00:18.6:   bridge window [mem 0xe5f00000-0xe5ffffff 64bit pref]
[    0.372784] pci 0000:00:18.7: PCI bridge to [bus 22]
[    0.372847] pci 0000:00:18.7:   bridge window [mem 0xfb500000-0xfb5fffff]
[    0.372909] pci 0000:00:18.7:   bridge window [mem 0xe5b00000-0xe5bfffff 64bit pref]
[    0.373126] ACPI: PCI Interrupt Link [LNKA] (IRQs 3 4 5 6 7 *9 10 11 14 15)
[    0.373188] ACPI: PCI Interrupt Link [LNKB] (IRQs 3 4 5 6 7 9 10 *11 14 15)
[    0.373251] ACPI: PCI Interrupt Link [LNKC] (IRQs 3 4 5 6 7 9 *10 11 14 15)
[    0.373313] ACPI: PCI Interrupt Link [LNKD] (IRQs 3 4 5 6 7 9 10 11 14 15) *0, disabled.
[    0.376377] iommu: Default domain type: Translated 
[    0.376446] pci 0000:00:0f.0: vgaarb: setting as boot VGA device
[    0.376446] pci 0000:00:0f.0: vgaarb: VGA device added: decodes=io+mem,owns=io+mem,locks=none
[    0.376446] pci 0000:00:0f.0: vgaarb: bridge control possible
[    0.376446] vgaarb: loaded
[    0.376446] EDAC MC: Ver: 3.0.0
[    0.376446] PCI: Using ACPI for IRQ routing
[    0.396067] PCI: pci_cache_line_size set to 64 bytes
[    0.396129] e820: reserve RAM buffer [mem 0x0009f400-0x0009ffff]
[    0.396131] e820: reserve RAM buffer [mem 0x3fee0000-0x3fffffff]
[    0.396308] clocksource: Switched to clocksource tsc-early
[    0.402463] VFS: Disk quotas dquot_6.6.0
[    0.402513] VFS: Dquot-cache hash table entries: 512 (order 0, 4096 bytes)
[    0.402709] AppArmor: AppArmor Filesystem Enabled
[    0.402785] pnp: PnP ACPI init
[    0.402901] system 00:00: [io  0x1000-0x103f] has been reserved
[    0.402946] system 00:00: [io  0x1040-0x104f] has been reserved
[    0.402990] system 00:00: [io  0x0cf0-0x0cf1] has been reserved
[    0.403036] system 00:00: Plug and Play ACPI device, IDs PNP0c02 (active)
[    0.403056] pnp 00:01: Plug and Play ACPI device, IDs PNP0b00 (active)
[    0.403068] pnp 00:02: Plug and Play ACPI device, IDs PNP0303 (active)
[    0.403080] pnp 00:03: Plug and Play ACPI device, IDs PNP0f13 VMW0003 (active)
[    0.403784] pnp 00:04: Plug and Play ACPI device, IDs PNP0400 (active)
[    0.403884] pnp 00:05: Plug and Play ACPI device, IDs PNP0501 (active)
[    0.403953] pnp 00:06: Plug and Play ACPI device, IDs PNP0501 (active)
[    0.404015] pnp 00:07: [dma 2]
[    0.404036] pnp 00:07: Plug and Play ACPI device, IDs PNP0700 (active)
[    0.404159] system 00:08: [io  0xfce0-0xfcff] has been reserved
[    0.404209] system 00:08: [mem 0xf0000000-0xf7ffffff] has been reserved
[    0.404258] system 00:08: [mem 0xfe800000-0xfe9fffff] has been reserved
[    0.404308] system 00:08: Plug and Play ACPI device, IDs PNP0c02 (active)
[    0.404393] pnp: PnP ACPI: found 9 devices
[    0.413339] clocksource: acpi_pm: mask: 0xffffff max_cycles: 0xffffff, max_idle_ns: 2085701024 ns
[    0.413429] pci 0000:00:15.3: bridge window [io  0x1000-0x0fff] to [bus 06] add_size 1000
[    0.413488] pci 0000:00:15.4: bridge window [io  0x1000-0x0fff] to [bus 07] add_size 1000
[    0.413547] pci 0000:00:15.5: bridge window [io  0x1000-0x0fff] to [bus 08] add_size 1000
[    0.413605] pci 0000:00:15.6: bridge window [io  0x1000-0x0fff] to [bus 09] add_size 1000
[    0.413662] pci 0000:00:15.7: bridge window [io  0x1000-0x0fff] to [bus 0a] add_size 1000
[    0.413725] pci 0000:00:16.3: bridge window [io  0x1000-0x0fff] to [bus 0e] add_size 1000
[    0.413784] pci 0000:00:16.4: bridge window [io  0x1000-0x0fff] to [bus 0f] add_size 1000
[    0.413842] pci 0000:00:16.5: bridge window [io  0x1000-0x0fff] to [bus 10] add_size 1000
[    0.413900] pci 0000:00:16.6: bridge window [io  0x1000-0x0fff] to [bus 11] add_size 1000
[    0.413958] pci 0000:00:16.7: bridge window [io  0x1000-0x0fff] to [bus 12] add_size 1000
[    0.414016] pci 0000:00:17.3: bridge window [io  0x1000-0x0fff] to [bus 16] add_size 1000
[    0.414074] pci 0000:00:17.4: bridge window [io  0x1000-0x0fff] to [bus 17] add_size 1000
[    0.414132] pci 0000:00:17.5: bridge window [io  0x1000-0x0fff] to [bus 18] add_size 1000
[    0.414191] pci 0000:00:17.6: bridge window [io  0x1000-0x0fff] to [bus 19] add_size 1000
[    0.414254] pci 0000:00:17.7: bridge window [io  0x1000-0x0fff] to [bus 1a] add_size 1000
[    0.414316] pci 0000:00:18.2: bridge window [io  0x1000-0x0fff] to [bus 1d] add_size 1000
[    0.414379] pci 0000:00:18.3: bridge window [io  0x1000-0x0fff] to [bus 1e] add_size 1000
[    0.414441] pci 0000:00:18.4: bridge window [io  0x1000-0x0fff] to [bus 1f] add_size 1000
[    0.414504] pci 0000:00:18.5: bridge window [io  0x1000-0x0fff] to [bus 20] add_size 1000
[    0.414566] pci 0000:00:18.6: bridge window [io  0x1000-0x0fff] to [bus 21] add_size 1000
[    0.414629] pci 0000:00:18.7: bridge window [io  0x1000-0x0fff] to [bus 22] add_size 1000
[    0.414707] pci 0000:00:0f.0: BAR 6: assigned [mem 0x40000000-0x40007fff pref]
[    0.414762] pci 0000:00:10.0: BAR 6: assigned [mem 0x40008000-0x4000bfff pref]
[    0.414818] pci 0000:00:15.3: BAR 13: no space for [io  size 0x1000]
[    0.414864] pci 0000:00:15.3: BAR 13: failed to assign [io  size 0x1000]
[    0.414913] pci 0000:00:15.4: BAR 13: no space for [io  size 0x1000]
[    0.414960] pci 0000:00:15.4: BAR 13: failed to assign [io  size 0x1000]
[    0.415009] pci 0000:00:15.5: BAR 13: no space for [io  size 0x1000]
[    0.415056] pci 0000:00:15.5: BAR 13: failed to assign [io  size 0x1000]
[    0.415105] pci 0000:00:15.6: BAR 13: no space for [io  size 0x1000]
[    0.415151] pci 0000:00:15.6: BAR 13: failed to assign [io  size 0x1000]
[    0.415199] pci 0000:00:15.7: BAR 13: no space for [io  size 0x1000]
[    0.415246] pci 0000:00:15.7: BAR 13: failed to assign [io  size 0x1000]
[    0.415295] pci 0000:00:16.3: BAR 13: no space for [io  size 0x1000]
[    0.415341] pci 0000:00:16.3: BAR 13: failed to assign [io  size 0x1000]
[    0.415389] pci 0000:00:16.4: BAR 13: no space for [io  size 0x1000]
[    0.415436] pci 0000:00:16.4: BAR 13: failed to assign [io  size 0x1000]
[    0.415486] pci 0000:00:16.5: BAR 13: no space for [io  size 0x1000]
[    0.415675] pci 0000:00:16.5: BAR 13: failed to assign [io  size 0x1000]
[    0.415677] pci 0000:00:16.6: BAR 13: no space for [io  size 0x1000]
[    0.415678] pci 0000:00:16.6: BAR 13: failed to assign [io  size 0x1000]
[    0.415679] pci 0000:00:16.7: BAR 13: no space for [io  size 0x1000]
[    0.415680] pci 0000:00:16.7: BAR 13: failed to assign [io  size 0x1000]
[    0.415680] pci 0000:00:17.3: BAR 13: no space for [io  size 0x1000]
[    0.415681] pci 0000:00:17.3: BAR 13: failed to assign [io  size 0x1000]
[    0.415682] pci 0000:00:17.4: BAR 13: no space for [io  size 0x1000]
[    0.415682] pci 0000:00:17.4: BAR 13: failed to assign [io  size 0x1000]
[    0.415683] pci 0000:00:17.5: BAR 13: no space for [io  size 0x1000]
[    0.415683] pci 0000:00:17.5: BAR 13: failed to assign [io  size 0x1000]
[    0.415683] pci 0000:00:17.6: BAR 13: no space for [io  size 0x1000]
[    0.415684] pci 0000:00:17.6: BAR 13: failed to assign [io  size 0x1000]
[    0.415684] pci 0000:00:17.7: BAR 13: no space for [io  size 0x1000]
[    0.415684] pci 0000:00:17.7: BAR 13: failed to assign [io  size 0x1000]
[    0.415684] pci 0000:00:18.2: BAR 13: no space for [io  size 0x1000]
[    0.415684] pci 0000:00:18.2: BAR 13: failed to assign [io  size 0x1000]
[    0.415685] pci 0000:00:18.3: BAR 13: no space for [io  size 0x1000]
[    0.415685] pci 0000:00:18.3: BAR 13: failed to assign [io  size 0x1000]
[    0.415685] pci 0000:00:18.4: BAR 13: no space for [io  size 0x1000]
[    0.415685] pci 0000:00:18.4: BAR 13: failed to assign [io  size 0x1000]
[    0.415685] pci 0000:00:18.5: BAR 13: no space for [io  size 0x1000]
[    0.415685] pci 0000:00:18.5: BAR 13: failed to assign [io  size 0x1000]
[    0.415685] pci 0000:00:18.6: BAR 13: no space for [io  size 0x1000]
[    0.415685] pci 0000:00:18.6: BAR 13: failed to assign [io  size 0x1000]
[    0.415685] pci 0000:00:18.7: BAR 13: no space for [io  size 0x1000]
[    0.415685] pci 0000:00:18.7: BAR 13: failed to assign [io  size 0x1000]
[    0.415685] pci 0000:00:18.7: BAR 13: no space for [io  size 0x1000]
[    0.415685] pci 0000:00:18.7: BAR 13: failed to assign [io  size 0x1000]
[    0.415685] pci 0000:00:18.6: BAR 13: no space for [io  size 0x1000]
[    0.415685] pci 0000:00:18.6: BAR 13: failed to assign [io  size 0x1000]
[    0.415685] pci 0000:00:18.5: BAR 13: no space for [io  size 0x1000]
[    0.415685] pci 0000:00:18.5: BAR 13: failed to assign [io  size 0x1000]
[    0.415686] pci 0000:00:18.4: BAR 13: no space for [io  size 0x1000]
[    0.415686] pci 0000:00:18.4: BAR 13: failed to assign [io  size 0x1000]
[    0.415686] pci 0000:00:18.3: BAR 13: no space for [io  size 0x1000]
[    0.415686] pci 0000:00:18.3: BAR 13: failed to assign [io  size 0x1000]
[    0.415747] pci 0000:00:18.2: BAR 13: no space for [io  size 0x1000]
[    0.415794] pci 0000:00:18.2: BAR 13: failed to assign [io  size 0x1000]
[    0.415843] pci 0000:00:17.7: BAR 13: no space for [io  size 0x1000]
[    0.415901] pci 0000:00:17.7: BAR 13: failed to assign [io  size 0x1000]
[    0.415951] pci 0000:00:17.6: BAR 13: no space for [io  size 0x1000]
[    0.415997] pci 0000:00:17.6: BAR 13: failed to assign [io  size 0x1000]
[    0.416045] pci 0000:00:17.5: BAR 13: no space for [io  size 0x1000]
[    0.416091] pci 0000:00:17.5: BAR 13: failed to assign [io  size 0x1000]
[    0.416140] pci 0000:00:17.4: BAR 13: no space for [io  size 0x1000]
[    0.416186] pci 0000:00:17.4: BAR 13: failed to assign [io  size 0x1000]
[    0.416235] pci 0000:00:17.3: BAR 13: no space for [io  size 0x1000]
[    0.416281] pci 0000:00:17.3: BAR 13: failed to assign [io  size 0x1000]
[    0.416329] pci 0000:00:16.7: BAR 13: no space for [io  size 0x1000]
[    0.416376] pci 0000:00:16.7: BAR 13: failed to assign [io  size 0x1000]
[    0.416424] pci 0000:00:16.6: BAR 13: no space for [io  size 0x1000]
[    0.416471] pci 0000:00:16.6: BAR 13: failed to assign [io  size 0x1000]
[    0.416519] pci 0000:00:16.5: BAR 13: no space for [io  size 0x1000]
[    0.416565] pci 0000:00:16.5: BAR 13: failed to assign [io  size 0x1000]
[    0.416614] pci 0000:00:16.4: BAR 13: no space for [io  size 0x1000]
[    0.416660] pci 0000:00:16.4: BAR 13: failed to assign [io  size 0x1000]
[    0.416708] pci 0000:00:16.3: BAR 13: no space for [io  size 0x1000]
[    0.416754] pci 0000:00:16.3: BAR 13: failed to assign [io  size 0x1000]
[    0.416803] pci 0000:00:15.7: BAR 13: no space for [io  size 0x1000]
[    0.416849] pci 0000:00:15.7: BAR 13: failed to assign [io  size 0x1000]
[    0.416898] pci 0000:00:15.6: BAR 13: no space for [io  size 0x1000]
[    0.416944] pci 0000:00:15.6: BAR 13: failed to assign [io  size 0x1000]
[    0.416992] pci 0000:00:15.5: BAR 13: no space for [io  size 0x1000]
[    0.417038] pci 0000:00:15.5: BAR 13: failed to assign [io  size 0x1000]
[    0.417086] pci 0000:00:15.4: BAR 13: no space for [io  size 0x1000]
[    0.417132] pci 0000:00:15.4: BAR 13: failed to assign [io  size 0x1000]
[    0.417181] pci 0000:00:15.3: BAR 13: no space for [io  size 0x1000]
[    0.417227] pci 0000:00:15.3: BAR 13: failed to assign [io  size 0x1000]
[    0.417276] pci 0000:00:01.0: PCI bridge to [bus 01]
[    0.417338] pci 0000:02:00.0: BAR 6: assigned [mem 0xfd500000-0xfd50ffff pref]
[    0.417393] pci 0000:00:11.0: PCI bridge to [bus 02]
[    0.417443] pci 0000:00:11.0:   bridge window [io  0x2000-0x3fff]
[    0.417505] pci 0000:00:11.0:   bridge window [mem 0xfd500000-0xfdffffff]
[    0.417568] pci 0000:00:11.0:   bridge window [mem 0xe7b00000-0xe7ffffff 64bit pref]
[    0.417630] pci 0000:00:15.0: PCI bridge to [bus 03]
[    0.417680] pci 0000:00:15.0:   bridge window [io  0x4000-0x4fff]
[    0.417742] pci 0000:00:15.0:   bridge window [mem 0xfd400000-0xfd4fffff]
[    0.417805] pci 0000:00:15.0:   bridge window [mem 0xe7a00000-0xe7afffff 64bit pref]
[    0.417867] pci 0000:00:15.1: PCI bridge to [bus 04]
[    0.417918] pci 0000:00:15.1:   bridge window [io  0x8000-0x8fff]
[    0.417981] pci 0000:00:15.1:   bridge window [mem 0xfd000000-0xfd0fffff]
[    0.418043] pci 0000:00:15.1:   bridge window [mem 0xe7600000-0xe76fffff 64bit pref]
[    0.418106] pci 0000:00:15.2: PCI bridge to [bus 05]
[    0.418155] pci 0000:00:15.2:   bridge window [io  0xc000-0xcfff]
[    0.418218] pci 0000:00:15.2:   bridge window [mem 0xfcc00000-0xfccfffff]
[    0.418280] pci 0000:00:15.2:   bridge window [mem 0xe7200000-0xe72fffff 64bit pref]
[    0.418343] pci 0000:00:15.3: PCI bridge to [bus 06]
[    0.418405] pci 0000:00:15.3:   bridge window [mem 0xfc800000-0xfc8fffff]
[    0.418468] pci 0000:00:15.3:   bridge window [mem 0xe6e00000-0xe6efffff 64bit pref]
[    0.418530] pci 0000:00:15.4: PCI bridge to [bus 07]
[    0.418593] pci 0000:00:15.4:   bridge window [mem 0xfc400000-0xfc4fffff]
[    0.418655] pci 0000:00:15.4:   bridge window [mem 0xe6a00000-0xe6afffff 64bit pref]
[    0.418718] pci 0000:00:15.5: PCI bridge to [bus 08]
[    0.418780] pci 0000:00:15.5:   bridge window [mem 0xfc000000-0xfc0fffff]
[    0.418843] pci 0000:00:15.5:   bridge window [mem 0xe6600000-0xe66fffff 64bit pref]
[    0.418905] pci 0000:00:15.6: PCI bridge to [bus 09]
[    0.418968] pci 0000:00:15.6:   bridge window [mem 0xfbc00000-0xfbcfffff]
[    0.419030] pci 0000:00:15.6:   bridge window [mem 0xe6200000-0xe62fffff 64bit pref]
[    0.419093] pci 0000:00:15.7: PCI bridge to [bus 0a]
[    0.419155] pci 0000:00:15.7:   bridge window [mem 0xfb800000-0xfb8fffff]
[    0.419218] pci 0000:00:15.7:   bridge window [mem 0xe5e00000-0xe5efffff 64bit pref]
[    0.419280] pci 0000:00:16.0: PCI bridge to [bus 0b]
[    0.419330] pci 0000:00:16.0:   bridge window [io  0x5000-0x5fff]
[    0.419392] pci 0000:00:16.0:   bridge window [mem 0xfd300000-0xfd3fffff]
[    0.419455] pci 0000:00:16.0:   bridge window [mem 0xe7900000-0xe79fffff 64bit pref]
[    0.419517] pci 0000:00:16.1: PCI bridge to [bus 0c]
[    0.419566] pci 0000:00:16.1:   bridge window [io  0x9000-0x9fff]
[    0.419629] pci 0000:00:16.1:   bridge window [mem 0xfcf00000-0xfcffffff]
[    0.419686] pci 0000:00:16.1:   bridge window [mem 0xe7500000-0xe75fffff 64bit pref]
[    0.419701] pci 0000:00:16.2: PCI bridge to [bus 0d]
[    0.419751] pci 0000:00:16.2:   bridge window [io  0xd000-0xdfff]
[    0.419813] pci 0000:00:16.2:   bridge window [mem 0xfcb00000-0xfcbfffff]
[    0.419876] pci 0000:00:16.2:   bridge window [mem 0xe7100000-0xe71fffff 64bit pref]
[    0.419938] pci 0000:00:16.3: PCI bridge to [bus 0e]
[    0.420001] pci 0000:00:16.3:   bridge window [mem 0xfc700000-0xfc7fffff]
[    0.420063] pci 0000:00:16.3:   bridge window [mem 0xe6d00000-0xe6dfffff 64bit pref]
[    0.420126] pci 0000:00:16.4: PCI bridge to [bus 0f]
[    0.420188] pci 0000:00:16.4:   bridge window [mem 0xfc300000-0xfc3fffff]
[    0.420251] pci 0000:00:16.4:   bridge window [mem 0xe6900000-0xe69fffff 64bit pref]
[    0.420313] pci 0000:00:16.5: PCI bridge to [bus 10]
[    0.420376] pci 0000:00:16.5:   bridge window [mem 0xfbf00000-0xfbffffff]
[    0.420438] pci 0000:00:16.5:   bridge window [mem 0xe6500000-0xe65fffff 64bit pref]
[    0.420501] pci 0000:00:16.6: PCI bridge to [bus 11]
[    0.420563] pci 0000:00:16.6:   bridge window [mem 0xfbb00000-0xfbbfffff]
[    0.420626] pci 0000:00:16.6:   bridge window [mem 0xe6100000-0xe61fffff 64bit pref]
[    0.420688] pci 0000:00:16.7: PCI bridge to [bus 12]
[    0.420751] pci 0000:00:16.7:   bridge window [mem 0xfb700000-0xfb7fffff]
[    0.420813] pci 0000:00:16.7:   bridge window [mem 0xe5d00000-0xe5dfffff 64bit pref]
[    0.420876] pci 0000:00:17.0: PCI bridge to [bus 13]
[    0.420925] pci 0000:00:17.0:   bridge window [io  0x6000-0x6fff]
[    0.420987] pci 0000:00:17.0:   bridge window [mem 0xfd200000-0xfd2fffff]
[    0.421050] pci 0000:00:17.0:   bridge window [mem 0xe7800000-0xe78fffff 64bit pref]
[    0.421112] pci 0000:00:17.1: PCI bridge to [bus 14]
[    0.421162] pci 0000:00:17.1:   bridge window [io  0xa000-0xafff]
[    0.421224] pci 0000:00:17.1:   bridge window [mem 0xfce00000-0xfcefffff]
[    0.421287] pci 0000:00:17.1:   bridge window [mem 0xe7400000-0xe74fffff 64bit pref]
[    0.421349] pci 0000:00:17.2: PCI bridge to [bus 15]
[    0.421398] pci 0000:00:17.2:   bridge window [io  0xe000-0xefff]
[    0.421461] pci 0000:00:17.2:   bridge window [mem 0xfca00000-0xfcafffff]
[    0.421523] pci 0000:00:17.2:   bridge window [mem 0xe7000000-0xe70fffff 64bit pref]
[    0.421586] pci 0000:00:17.3: PCI bridge to [bus 16]
[    0.421648] pci 0000:00:17.3:   bridge window [mem 0xfc600000-0xfc6fffff]
[    0.421711] pci 0000:00:17.3:   bridge window [mem 0xe6c00000-0xe6cfffff 64bit pref]
[    0.421773] pci 0000:00:17.4: PCI bridge to [bus 17]
[    0.421836] pci 0000:00:17.4:   bridge window [mem 0xfc200000-0xfc2fffff]
[    0.421898] pci 0000:00:17.4:   bridge window [mem 0xe6800000-0xe68fffff 64bit pref]
[    0.421961] pci 0000:00:17.5: PCI bridge to [bus 18]
[    0.422023] pci 0000:00:17.5:   bridge window [mem 0xfbe00000-0xfbefffff]
[    0.422086] pci 0000:00:17.5:   bridge window [mem 0xe6400000-0xe64fffff 64bit pref]
[    0.422148] pci 0000:00:17.6: PCI bridge to [bus 19]
[    0.422211] pci 0000:00:17.6:   bridge window [mem 0xfba00000-0xfbafffff]
[    0.422273] pci 0000:00:17.6:   bridge window [mem 0xe6000000-0xe60fffff 64bit pref]
[    0.422336] pci 0000:00:17.7: PCI bridge to [bus 1a]
[    0.422398] pci 0000:00:17.7:   bridge window [mem 0xfb600000-0xfb6fffff]
[    0.422461] pci 0000:00:17.7:   bridge window [mem 0xe5c00000-0xe5cfffff 64bit pref]
[    0.422523] pci 0000:00:18.0: PCI bridge to [bus 1b]
[    0.422573] pci 0000:00:18.0:   bridge window [io  0x7000-0x7fff]
[    0.422635] pci 0000:00:18.0:   bridge window [mem 0xfd100000-0xfd1fffff]
[    0.422698] pci 0000:00:18.0:   bridge window [mem 0xe7700000-0xe77fffff 64bit pref]
[    0.422760] pci 0000:00:18.1: PCI bridge to [bus 1c]
[    0.422810] pci 0000:00:18.1:   bridge window [io  0xb000-0xbfff]
[    0.422872] pci 0000:00:18.1:   bridge window [mem 0xfcd00000-0xfcdfffff]
[    0.422935] pci 0000:00:18.1:   bridge window [mem 0xe7300000-0xe73fffff 64bit pref]
[    0.422997] pci 0000:00:18.2: PCI bridge to [bus 1d]
[    0.423060] pci 0000:00:18.2:   bridge window [mem 0xfc900000-0xfc9fffff]
[    0.423122] pci 0000:00:18.2:   bridge window [mem 0xe6f00000-0xe6ffffff 64bit pref]
[    0.423185] pci 0000:00:18.3: PCI bridge to [bus 1e]
[    0.423247] pci 0000:00:18.3:   bridge window [mem 0xfc500000-0xfc5fffff]
[    0.423310] pci 0000:00:18.3:   bridge window [mem 0xe6b00000-0xe6bfffff 64bit pref]
[    0.423372] pci 0000:00:18.4: PCI bridge to [bus 1f]
[    0.423435] pci 0000:00:18.4:   bridge window [mem 0xfc100000-0xfc1fffff]
[    0.423497] pci 0000:00:18.4:   bridge window [mem 0xe6700000-0xe67fffff 64bit pref]
[    0.423560] pci 0000:00:18.5: PCI bridge to [bus 20]
[    0.423622] pci 0000:00:18.5:   bridge window [mem 0xfbd00000-0xfbdfffff]
[    0.423684] pci 0000:00:18.5:   bridge window [mem 0xe6300000-0xe63fffff 64bit pref]
[    0.423750] pci 0000:00:18.6: PCI bridge to [bus 21]
[    0.423812] pci 0000:00:18.6:   bridge window [mem 0xfb900000-0xfb9fffff]
[    0.423875] pci 0000:00:18.6:   bridge window [mem 0xe5f00000-0xe5ffffff 64bit pref]
[    0.423937] pci 0000:00:18.7: PCI bridge to [bus 22]
[    0.424000] pci 0000:00:18.7:   bridge window [mem 0xfb500000-0xfb5fffff]
[    0.424062] pci 0000:00:18.7:   bridge window [mem 0xe5b00000-0xe5bfffff 64bit pref]
[    0.424125] pci_bus 0000:00: resource 4 [mem 0x000a0000-0x000bffff window]
[    0.424175] pci_bus 0000:00: resource 5 [mem 0x000cc000-0x000cffff window]
[    0.424224] pci_bus 0000:00: resource 6 [mem 0x000d0000-0x000d3fff window]
[    0.424274] pci_bus 0000:00: resource 7 [mem 0x000d4000-0x000d7fff window]
[    0.424324] pci_bus 0000:00: resource 8 [mem 0x000d8000-0x000dbfff window]
[    0.424377] pci_bus 0000:00: resource 9 [mem 0x40000000-0xfebfffff window]
[    0.424429] pci_bus 0000:00: resource 10 [io  0x0000-0x0cf7 window]
[    0.424481] pci_bus 0000:00: resource 11 [io  0x0d00-0xfeff window]
[    0.424536] pci_bus 0000:02: resource 0 [io  0x2000-0x3fff]
[    0.424586] pci_bus 0000:02: resource 1 [mem 0xfd500000-0xfdffffff]
[    0.424642] pci_bus 0000:02: resource 2 [mem 0xe7b00000-0xe7ffffff 64bit pref]
[    0.424703] pci_bus 0000:02: resource 4 [mem 0x000a0000-0x000bffff window]
[    0.424757] pci_bus 0000:02: resource 5 [mem 0x000cc000-0x000cffff window]
[    0.424807] pci_bus 0000:02: resource 6 [mem 0x000d0000-0x000d3fff window]
[    0.424857] pci_bus 0000:02: resource 7 [mem 0x000d4000-0x000d7fff window]
[    0.424907] pci_bus 0000:02: resource 8 [mem 0x000d8000-0x000dbfff window]
[    0.424958] pci_bus 0000:02: resource 9 [mem 0x40000000-0xfebfffff window]
[    0.425008] pci_bus 0000:02: resource 10 [io  0x0000-0x0cf7 window]
[    0.425054] pci_bus 0000:02: resource 11 [io  0x0d00-0xfeff window]
[    0.425102] pci_bus 0000:03: resource 0 [io  0x4000-0x4fff]
[    0.425146] pci_bus 0000:03: resource 1 [mem 0xfd400000-0xfd4fffff]
[    0.425192] pci_bus 0000:03: resource 2 [mem 0xe7a00000-0xe7afffff 64bit pref]
[    0.425246] pci_bus 0000:04: resource 0 [io  0x8000-0x8fff]
[    0.425289] pci_bus 0000:04: resource 1 [mem 0xfd000000-0xfd0fffff]
[    0.425335] pci_bus 0000:04: resource 2 [mem 0xe7600000-0xe76fffff 64bit pref]
[    0.425389] pci_bus 0000:05: resource 0 [io  0xc000-0xcfff]
[    0.425431] pci_bus 0000:05: resource 1 [mem 0xfcc00000-0xfccfffff]
[    0.425478] pci_bus 0000:05: resource 2 [mem 0xe7200000-0xe72fffff 64bit pref]
[    0.425532] pci_bus 0000:06: resource 1 [mem 0xfc800000-0xfc8fffff]
[    0.425578] pci_bus 0000:06: resource 2 [mem 0xe6e00000-0xe6efffff 64bit pref]
[    0.425631] pci_bus 0000:07: resource 1 [mem 0xfc400000-0xfc4fffff]
[    0.425678] pci_bus 0000:07: resource 2 [mem 0xe6a00000-0xe6afffff 64bit pref]
[    0.425732] pci_bus 0000:08: resource 1 [mem 0xfc000000-0xfc0fffff]
[    0.425778] pci_bus 0000:08: resource 2 [mem 0xe6600000-0xe66fffff 64bit pref]
[    0.425832] pci_bus 0000:09: resource 1 [mem 0xfbc00000-0xfbcfffff]
[    0.425878] pci_bus 0000:09: resource 2 [mem 0xe6200000-0xe62fffff 64bit pref]
[    0.425932] pci_bus 0000:0a: resource 1 [mem 0xfb800000-0xfb8fffff]
[    0.425978] pci_bus 0000:0a: resource 2 [mem 0xe5e00000-0xe5efffff 64bit pref]
[    0.426031] pci_bus 0000:0b: resource 0 [io  0x5000-0x5fff]
[    0.426074] pci_bus 0000:0b: resource 1 [mem 0xfd300000-0xfd3fffff]
[    0.426121] pci_bus 0000:0b: resource 2 [mem 0xe7900000-0xe79fffff 64bit pref]
[    0.426174] pci_bus 0000:0c: resource 0 [io  0x9000-0x9fff]
[    0.426217] pci_bus 0000:0c: resource 1 [mem 0xfcf00000-0xfcffffff]
[    0.426263] pci_bus 0000:0c: resource 2 [mem 0xe7500000-0xe75fffff 64bit pref]
[    0.426316] pci_bus 0000:0d: resource 0 [io  0xd000-0xdfff]
[    0.426379] pci_bus 0000:0d: resource 1 [mem 0xfcb00000-0xfcbfffff]
[    0.426425] pci_bus 0000:0d: resource 2 [mem 0xe7100000-0xe71fffff 64bit pref]
[    0.426479] pci_bus 0000:0e: resource 1 [mem 0xfc700000-0xfc7fffff]
[    0.426525] pci_bus 0000:0e: resource 2 [mem 0xe6d00000-0xe6dfffff 64bit pref]
[    0.426578] pci_bus 0000:0f: resource 1 [mem 0xfc300000-0xfc3fffff]
[    0.426624] pci_bus 0000:0f: resource 2 [mem 0xe6900000-0xe69fffff 64bit pref]
[    0.426678] pci_bus 0000:10: resource 1 [mem 0xfbf00000-0xfbffffff]
[    0.426724] pci_bus 0000:10: resource 2 [mem 0xe6500000-0xe65fffff 64bit pref]
[    0.426778] pci_bus 0000:11: resource 1 [mem 0xfbb00000-0xfbbfffff]
[    0.426824] pci_bus 0000:11: resource 2 [mem 0xe6100000-0xe61fffff 64bit pref]
[    0.426878] pci_bus 0000:12: resource 1 [mem 0xfb700000-0xfb7fffff]
[    0.426924] pci_bus 0000:12: resource 2 [mem 0xe5d00000-0xe5dfffff 64bit pref]
[    0.426977] pci_bus 0000:13: resource 0 [io  0x6000-0x6fff]
[    0.427019] pci_bus 0000:13: resource 1 [mem 0xfd200000-0xfd2fffff]
[    0.427066] pci_bus 0000:13: resource 2 [mem 0xe7800000-0xe78fffff 64bit pref]
[    0.427120] pci_bus 0000:14: resource 0 [io  0xa000-0xafff]
[    0.427163] pci_bus 0000:14: resource 1 [mem 0xfce00000-0xfcefffff]
[    0.427208] pci_bus 0000:14: resource 2 [mem 0xe7400000-0xe74fffff 64bit pref]
[    0.427262] pci_bus 0000:15: resource 0 [io  0xe000-0xefff]
[    0.427305] pci_bus 0000:15: resource 1 [mem 0xfca00000-0xfcafffff]
[    0.427351] pci_bus 0000:15: resource 2 [mem 0xe7000000-0xe70fffff 64bit pref]
[    0.427404] pci_bus 0000:16: resource 1 [mem 0xfc600000-0xfc6fffff]
[    0.427450] pci_bus 0000:16: resource 2 [mem 0xe6c00000-0xe6cfffff 64bit pref]
[    0.427504] pci_bus 0000:17: resource 1 [mem 0xfc200000-0xfc2fffff]
[    0.427550] pci_bus 0000:17: resource 2 [mem 0xe6800000-0xe68fffff 64bit pref]
[    0.427604] pci_bus 0000:18: resource 1 [mem 0xfbe00000-0xfbefffff]
[    0.427651] pci_bus 0000:18: resource 2 [mem 0xe6400000-0xe64fffff 64bit pref]
[    0.427652] pci_bus 0000:19: resource 1 [mem 0xfba00000-0xfbafffff]
[    0.427653] pci_bus 0000:19: resource 2 [mem 0xe6000000-0xe60fffff 64bit pref]
[    0.427654] pci_bus 0000:1a: resource 1 [mem 0xfb600000-0xfb6fffff]
[    0.427655] pci_bus 0000:1a: resource 2 [mem 0xe5c00000-0xe5cfffff 64bit pref]
[    0.427656] pci_bus 0000:1b: resource 0 [io  0x7000-0x7fff]
[    0.427656] pci_bus 0000:1b: resource 1 [mem 0xfd100000-0xfd1fffff]
[    0.427657] pci_bus 0000:1b: resource 2 [mem 0xe7700000-0xe77fffff 64bit pref]
[    0.427657] pci_bus 0000:1c: resource 0 [io  0xb000-0xbfff]
[    0.427658] pci_bus 0000:1c: resource 1 [mem 0xfcd00000-0xfcdfffff]
[    0.427658] pci_bus 0000:1c: resource 2 [mem 0xe7300000-0xe73fffff 64bit pref]
[    0.427659] pci_bus 0000:1d: resource 1 [mem 0xfc900000-0xfc9fffff]
[    0.427659] pci_bus 0000:1d: resource 2 [mem 0xe6f00000-0xe6ffffff 64bit pref]
[    0.427659] pci_bus 0000:1e: resource 1 [mem 0xfc500000-0xfc5fffff]
[    0.427659] pci_bus 0000:1e: resource 2 [mem 0xe6b00000-0xe6bfffff 64bit pref]
[    0.427660] pci_bus 0000:1f: resource 1 [mem 0xfc100000-0xfc1fffff]
[    0.427660] pci_bus 0000:1f: resource 2 [mem 0xe6700000-0xe67fffff 64bit pref]
[    0.427660] pci_bus 0000:20: resource 1 [mem 0xfbd00000-0xfbdfffff]
[    0.427660] pci_bus 0000:20: resource 2 [mem 0xe6300000-0xe63fffff 64bit pref]
[    0.427660] pci_bus 0000:21: resource 1 [mem 0xfb900000-0xfb9fffff]
[    0.427660] pci_bus 0000:21: resource 2 [mem 0xe5f00000-0xe5ffffff 64bit pref]
[    0.427660] pci_bus 0000:22: resource 1 [mem 0xfb500000-0xfb5fffff]
[    0.427660] pci_bus 0000:22: resource 2 [mem 0xe5b00000-0xe5bfffff 64bit pref]
[    0.427748] NET: Registered protocol family 2
[    0.427911] tcp_listen_portaddr_hash hash table entries: 512 (order: 1, 8192 bytes, linear)
[    0.427974] TCP established hash table entries: 8192 (order: 4, 65536 bytes, linear)
[    0.428036] TCP bind hash table entries: 8192 (order: 5, 131072 bytes, linear)
[    0.428099] TCP: Hash tables configured (established 8192 bind 8192)
[    0.428190] UDP hash table entries: 512 (order: 2, 16384 bytes, linear)
[    0.428243] UDP-Lite hash table entries: 512 (order: 2, 16384 bytes, linear)
[    0.428305] NET: Registered protocol family 1
[    0.428348] NET: Registered protocol family 44
[    0.428389] pci 0000:00:00.0: Limiting direct PCI/PCI transfers
[    0.428525] pci 0000:00:0f.0: Video device with shadowed ROM at [mem 0x000c0000-0x000dffff]
[    0.428658] pci 0000:02:00.0: CLS mismatch (32 != 64), using 64 bytes
[    0.428738] Trying to unpack rootfs image as initramfs...
[    0.571871] Freeing initrd memory: 17688K
[    0.572568] Initialise system trusted keyrings
[    0.572630] Key type blacklist registered
[    0.575717] workingset: timestamp_bits=40 max_order=18 bucket_order=0
[    0.576625] zbud: loaded
[    0.576862] Platform Keyring initialized
[    0.576915] Key type asymmetric registered
[    0.576950] Asymmetric key parser 'x509' registered
[    0.576993] Block layer SCSI generic (bsg) driver version 0.4 loaded (major 250)
[    0.577182] io scheduler mq-deadline registered
[    0.577482] pcieport 0000:00:15.0: PME: Signaling with IRQ 24
[    0.577589] pcieport 0000:00:15.0: pciehp: Slot #160 AttnBtn+ PwrCtrl+ MRL- AttnInd- PwrInd- HotPlug+ Surprise- Interlock- NoCompl+ LLActRep+
[    0.577899] pcieport 0000:00:15.1: PME: Signaling with IRQ 25
[    0.577962] pcieport 0000:00:15.1: pciehp: Slot #161 AttnBtn+ PwrCtrl+ MRL- AttnInd- PwrInd- HotPlug+ Surprise- Interlock- NoCompl+ LLActRep+
[    0.578233] pcieport 0000:00:15.2: PME: Signaling with IRQ 26
[    0.578341] pcieport 0000:00:15.2: pciehp: Slot #162 AttnBtn+ PwrCtrl+ MRL- AttnInd- PwrInd- HotPlug+ Surprise- Interlock- NoCompl+ LLActRep+
[    0.578654] pcieport 0000:00:15.3: PME: Signaling with IRQ 27
[    0.578716] pcieport 0000:00:15.3: pciehp: Slot #163 AttnBtn+ PwrCtrl+ MRL- AttnInd- PwrInd- HotPlug+ Surprise- Interlock- NoCompl+ LLActRep+
[    0.579014] pcieport 0000:00:15.4: PME: Signaling with IRQ 28
[    0.579133] pcieport 0000:00:15.4: pciehp: Slot #164 AttnBtn+ PwrCtrl+ MRL- AttnInd- PwrInd- HotPlug+ Surprise- Interlock- NoCompl+ LLActRep+
[    0.579788] pcieport 0000:00:15.5: PME: Signaling with IRQ 29
[    0.579895] pcieport 0000:00:15.5: pciehp: Slot #165 AttnBtn+ PwrCtrl+ MRL- AttnInd- PwrInd- HotPlug+ Surprise- Interlock- NoCompl+ LLActRep+
[    0.580183] pcieport 0000:00:15.6: PME: Signaling with IRQ 30
[    0.580296] pcieport 0000:00:15.6: pciehp: Slot #166 AttnBtn+ PwrCtrl+ MRL- AttnInd- PwrInd- HotPlug+ Surprise- Interlock- NoCompl+ LLActRep+
[    0.580621] pcieport 0000:00:15.7: PME: Signaling with IRQ 31
[    0.580684] pcieport 0000:00:15.7: pciehp: Slot #167 AttnBtn+ PwrCtrl+ MRL- AttnInd- PwrInd- HotPlug+ Surprise- Interlock- NoCompl+ LLActRep+
[    0.580942] pcieport 0000:00:16.0: PME: Signaling with IRQ 32
[    0.581051] pcieport 0000:00:16.0: pciehp: Slot #192 AttnBtn+ PwrCtrl+ MRL- AttnInd- PwrInd- HotPlug+ Surprise- Interlock- NoCompl+ LLActRep+
[    0.581395] pcieport 0000:00:16.1: PME: Signaling with IRQ 33
[    0.581457] pcieport 0000:00:16.1: pciehp: Slot #193 AttnBtn+ PwrCtrl+ MRL- AttnInd- PwrInd- HotPlug+ Surprise- Interlock- NoCompl+ LLActRep+
[    0.581797] pcieport 0000:00:16.2: PME: Signaling with IRQ 34
[    0.581913] pcieport 0000:00:16.2: pciehp: Slot #194 AttnBtn+ PwrCtrl+ MRL- AttnInd- PwrInd- HotPlug+ Surprise- Interlock- NoCompl+ LLActRep+
[    0.582189] pcieport 0000:00:16.3: PME: Signaling with IRQ 35
[    0.582252] pcieport 0000:00:16.3: pciehp: Slot #195 AttnBtn+ PwrCtrl+ MRL- AttnInd- PwrInd- HotPlug+ Surprise- Interlock- NoCompl+ LLActRep+
[    0.582578] pcieport 0000:00:16.4: PME: Signaling with IRQ 36
[    0.582690] pcieport 0000:00:16.4: pciehp: Slot #196 AttnBtn+ PwrCtrl+ MRL- AttnInd- PwrInd- HotPlug+ Surprise- Interlock- NoCompl+ LLActRep+
[    0.583004] pcieport 0000:00:16.5: PME: Signaling with IRQ 37
[    0.583066] pcieport 0000:00:16.5: pciehp: Slot #197 AttnBtn+ PwrCtrl+ MRL- AttnInd- PwrInd- HotPlug+ Surprise- Interlock- NoCompl+ LLActRep+
[    0.583792] pcieport 0000:00:16.6: PME: Signaling with IRQ 38
[    0.583855] pcieport 0000:00:16.6: pciehp: Slot #198 AttnBtn+ PwrCtrl+ MRL- AttnInd- PwrInd- HotPlug+ Surprise- Interlock- NoCompl+ LLActRep+
[    0.584232] pcieport 0000:00:16.7: PME: Signaling with IRQ 39
[    0.584295] pcieport 0000:00:16.7: pciehp: Slot #199 AttnBtn+ PwrCtrl+ MRL- AttnInd- PwrInd- HotPlug+ Surprise- Interlock- NoCompl+ LLActRep+
[    0.584567] pcieport 0000:00:17.0: PME: Signaling with IRQ 40
[    0.584629] pcieport 0000:00:17.0: pciehp: Slot #224 AttnBtn+ PwrCtrl+ MRL- AttnInd- PwrInd- HotPlug+ Surprise- Interlock- NoCompl+ LLActRep+
[    0.584992] pcieport 0000:00:17.1: PME: Signaling with IRQ 41
[    0.585097] pcieport 0000:00:17.1: pciehp: Slot #225 AttnBtn+ PwrCtrl+ MRL- AttnInd- PwrInd- HotPlug+ Surprise- Interlock- NoCompl+ LLActRep+
[    0.585338] pcieport 0000:00:17.2: PME: Signaling with IRQ 42
[    0.585401] pcieport 0000:00:17.2: pciehp: Slot #226 AttnBtn+ PwrCtrl+ MRL- AttnInd- PwrInd- HotPlug+ Surprise- Interlock- NoCompl+ LLActRep+
[    0.585737] pcieport 0000:00:17.3: PME: Signaling with IRQ 43
[    0.585845] pcieport 0000:00:17.3: pciehp: Slot #227 AttnBtn+ PwrCtrl+ MRL- AttnInd- PwrInd- HotPlug+ Surprise- Interlock- NoCompl+ LLActRep+
[    0.586110] pcieport 0000:00:17.4: PME: Signaling with IRQ 44
[    0.586220] pcieport 0000:00:17.4: pciehp: Slot #228 AttnBtn+ PwrCtrl+ MRL- AttnInd- PwrInd- HotPlug+ Surprise- Interlock- NoCompl+ LLActRep+
[    0.587851] pcieport 0000:00:17.5: PME: Signaling with IRQ 45
[    0.587959] pcieport 0000:00:17.5: pciehp: Slot #229 AttnBtn+ PwrCtrl+ MRL- AttnInd- PwrInd- HotPlug+ Surprise- Interlock- NoCompl+ LLActRep+
[    0.588322] pcieport 0000:00:17.6: PME: Signaling with IRQ 46
[    0.588384] pcieport 0000:00:17.6: pciehp: Slot #230 AttnBtn+ PwrCtrl+ MRL- AttnInd- PwrInd- HotPlug+ Surprise- Interlock- NoCompl+ LLActRep+
[    0.588643] pcieport 0000:00:17.7: PME: Signaling with IRQ 47
[    0.588750] pcieport 0000:00:17.7: pciehp: Slot #231 AttnBtn+ PwrCtrl+ MRL- AttnInd- PwrInd- HotPlug+ Surprise- Interlock- NoCompl+ LLActRep+
[    0.589009] pcieport 0000:00:18.0: PME: Signaling with IRQ 48
[    0.589072] pcieport 0000:00:18.0: pciehp: Slot #256 AttnBtn+ PwrCtrl+ MRL- AttnInd- PwrInd- HotPlug+ Surprise- Interlock- NoCompl+ LLActRep+
[    0.589393] pcieport 0000:00:18.1: PME: Signaling with IRQ 49
[    0.589501] pcieport 0000:00:18.1: pciehp: Slot #257 AttnBtn+ PwrCtrl+ MRL- AttnInd- PwrInd- HotPlug+ Surprise- Interlock- NoCompl+ LLActRep+
[    0.589781] pcieport 0000:00:18.2: PME: Signaling with IRQ 50
[    0.589844] pcieport 0000:00:18.2: pciehp: Slot #258 AttnBtn+ PwrCtrl+ MRL- AttnInd- PwrInd- HotPlug+ Surprise- Interlock- NoCompl+ LLActRep+
[    0.590096] pcieport 0000:00:18.3: PME: Signaling with IRQ 51
[    0.590204] pcieport 0000:00:18.3: pciehp: Slot #259 AttnBtn+ PwrCtrl+ MRL- AttnInd- PwrInd- HotPlug+ Surprise- Interlock- NoCompl+ LLActRep+
[    0.590510] pcieport 0000:00:18.4: PME: Signaling with IRQ 52
[    0.590620] pcieport 0000:00:18.4: pciehp: Slot #260 AttnBtn+ PwrCtrl+ MRL- AttnInd- PwrInd- HotPlug+ Surprise- Interlock- NoCompl+ LLActRep+
[    0.590917] pcieport 0000:00:18.5: PME: Signaling with IRQ 53
[    0.590979] pcieport 0000:00:18.5: pciehp: Slot #261 AttnBtn+ PwrCtrl+ MRL- AttnInd- PwrInd- HotPlug+ Surprise- Interlock- NoCompl+ LLActRep+
[    0.591215] pcieport 0000:00:18.6: PME: Signaling with IRQ 54
[    0.591278] pcieport 0000:00:18.6: pciehp: Slot #262 AttnBtn+ PwrCtrl+ MRL- AttnInd- PwrInd- HotPlug+ Surprise- Interlock- NoCompl+ LLActRep+
[    0.591872] pcieport 0000:00:18.7: PME: Signaling with IRQ 55
[    0.591935] pcieport 0000:00:18.7: pciehp: Slot #263 AttnBtn+ PwrCtrl+ MRL- AttnInd- PwrInd- HotPlug+ Surprise- Interlock- NoCompl+ LLActRep+
[    0.592147] shpchp: Standard Hot Plug PCI Controller Driver version: 0.4
[    0.592204] intel_idle: Please enable MWAIT in BIOS SETUP
[    0.592532] Serial: 8250/16550 driver, 4 ports, IRQ sharing enabled
[    0.612586] 00:05: ttyS0 at I/O 0x3f8 (irq = 4, base_baud = 115200) is a 16550A
[    0.639902] 00:06: ttyS1 at I/O 0x2f8 (irq = 3, base_baud = 115200) is a 16550A
[    0.644186] Linux agpgart interface v0.103
[    0.644248] agpgart-intel 0000:00:00.0: Intel 440BX Chipset
[    0.644608] agpgart-intel 0000:00:00.0: AGP aperture is 256M @ 0x0
[    0.644688] AMD-Vi: AMD IOMMUv2 driver by Joerg Roedel <jroedel@suse.de>
[    0.644751] AMD-Vi: AMD IOMMUv2 functionality not available on this system
[    0.644938] i8042: PNP: PS/2 Controller [PNP0303:KBC,PNP0f13:MOUS] at 0x60,0x64 irq 1,12
[    0.645444] serio: i8042 KBD port at 0x60,0x64 irq 1
[    0.645520] serio: i8042 AUX port at 0x60,0x64 irq 12
[    0.645746] mousedev: PS/2 mouse device common for all mice
[    0.646308] rtc_cmos 00:01: registered as rtc0
[    0.646357] rtc_cmos 00:01: alarms up to one month, y3k, 114 bytes nvram
[    0.646376] intel_pstate: CPU model not supported
[    0.646530] ledtrig-cpu: registered to indicate activity on CPUs
[    0.647775] input: AT Translated Set 2 keyboard as /devices/platform/i8042/serio0/input/input0
[    0.648299] drop_monitor: Initializing network drop monitor service
[    0.648511] NET: Registered protocol family 10
[    0.652539] Segment Routing with IPv6
[    0.652600] mip6: Mobile IPv6
[    0.652630] NET: Registered protocol family 17
[    0.652835] mpls_gso: MPLS GSO support
[    0.652989] IPI shorthand broadcast: enabled
[    0.653031] sched_clock: Marking stable (650964623, 1992180)->(666554809, -13598006)
[    0.653174] registered taskstats version 1
[    0.653212] Loading compiled-in X.509 certificates
[    0.668348] Loaded X.509 cert 'genunix: 81884d9e9b0c6db81178372afc3a28fd25caaa92'
[    0.668411] Loaded X.509 cert 'genunix: 81884d9e9b0c6db81178372afc3a28fd25caaa92'
[    0.668473] zswap: loaded using pool lzo/zbud
[    0.668775] Key type ._fscrypt registered
[    0.668867] Key type .fscrypt registered
[    0.668916] AppArmor: AppArmor sha1 policy hashing enabled
[    0.669445] rtc_cmos 00:01: setting system clock to 2019-12-24T07:45:51 UTC (1577173551)
[    0.670165] Freeing unused kernel image (initmem) memory: 1460K
[    0.683708] Write protecting the kernel read-only data: 16384k
[    0.684077] Freeing unused kernel image (text/rodata gap) memory: 2040K
[    0.684202] Freeing unused kernel image (rodata/data gap) memory: 296K
[    0.687775] x86/mm: Checked W+X mappings: passed, no W+X pages found.
[    0.687826] Run /init as init process
[    0.776854] SCSI subsystem initialized
[    0.777169] Fusion MPT base driver 3.04.20
[    0.777231] Copyright (c) 1999-2008 LSI Corporation
[    0.779804] Fusion MPT SPI Host driver 3.04.20
[    0.780245] mptbase: ioc0: Initiating bringup
[    0.887750] ioc0: LSI53C1030 B0: Capabilities={Initiator}
[    0.989385] input: ImPS/2 Generic Wheel Mouse as /devices/platform/i8042/serio1/input/input2
[    1.125653] scsi host0: ioc0: LSI53C1030 B0, FwRev=01032920h, Ports=1, MaxQ=128, IRQ=17
[    1.292854] scsi 0:0:0:0: Direct-Access     VMware,  VMware Virtual S 1.0  PQ: 0 ANSI: 2
[    1.308160] scsi target0:0:0: Beginning Domain Validation
[    1.315771] scsi target0:0:0: Domain Validation skipping write tests
[    1.315853] scsi target0:0:0: Ending Domain Validation
[    1.316844] scsi target0:0:0: FAST-40 WIDE SCSI 80.0 MB/s ST (25 ns, offset 127)
[    1.317729] scsi 0:0:1:0: Direct-Access     VMware,  VMware Virtual S 1.0  PQ: 0 ANSI: 2
[    1.332143] scsi target0:0:1: Beginning Domain Validation
[    1.338199] scsi target0:0:1: Domain Validation skipping write tests
[    1.338281] scsi target0:0:1: Ending Domain Validation
[    1.338471] scsi target0:0:1: FAST-40 WIDE SCSI 80.0 MB/s ST (25 ns, offset 127)
[    1.339384] scsi 0:0:2:0: Direct-Access     VMware,  VMware Virtual S 1.0  PQ: 0 ANSI: 2
[    1.356007] scsi target0:0:2: Beginning Domain Validation
[    1.357557] scsi target0:0:2: Domain Validation skipping write tests
[    1.357630] scsi target0:0:2: Ending Domain Validation
[    1.357746] scsi target0:0:2: FAST-40 WIDE SCSI 80.0 MB/s ST (25 ns, offset 127)
[    1.364514] sd 0:0:1:0: [sdb] 67108864 512-byte logical blocks: (34.4 GB/32.0 GiB)
[    1.364622] sd 0:0:0:0: [sda] 67108864 512-byte logical blocks: (34.4 GB/32.0 GiB)
[    1.364729] sd 0:0:1:0: [sdb] Write Protect is off
[    1.364794] sd 0:0:1:0: [sdb] Mode Sense: 61 00 00 00
[    1.364830] sd 0:0:0:0: [sda] Write Protect is off
[    1.364880] sd 0:0:0:0: [sda] Mode Sense: 61 00 00 00
[    1.364914] sd 0:0:1:0: [sdb] Cache data unavailable
[    1.364965] sd 0:0:1:0: [sdb] Assuming drive cache: write through
[    1.365018] sd 0:0:0:0: [sda] Cache data unavailable
[    1.365061] sd 0:0:0:0: [sda] Assuming drive cache: write through
[    1.365245] sd 0:0:2:0: [sdc] 134217728 512-byte logical blocks: (68.7 GB/64.0 GiB)
[    1.365345] sd 0:0:2:0: [sdc] Write Protect is off
[    1.365388] sd 0:0:2:0: [sdc] Mode Sense: 61 00 00 00
[    1.365436] sd 0:0:2:0: [sdc] Cache data unavailable
[    1.365480] sd 0:0:2:0: [sdc] Assuming drive cache: write through
[    1.402141]  sda: sda1 sda2 sda3
[    1.404819] sd 0:0:0:0: [sda] Attached SCSI disk
[    1.413510]  sdb: sdb1
[    1.415357] sd 0:0:1:0: [sdb] Attached SCSI disk
[    1.425243]  sdc: sdc1
[    1.426416] sd 0:0:2:0: [sdc] Attached SCSI disk
[    1.558799] PM: Image not found (code -22)
[    1.584049] tsc: Refined TSC clocksource calibration: 3504.023 MHz
[    1.584167] clocksource: tsc: mask: 0xffffffffffffffff max_cycles: 0x32822957aa1, max_idle_ns: 440795308363 ns
[    1.584440] clocksource: Switched to clocksource tsc
[    1.722383] EXT4-fs (sda3): mounted filesystem with ordered data mode. Opts: (null)
[    1.740275] Not activating Mandatory Access Control as /sbin/tomoyo-init does not exist.
[    1.796622] systemd[1]: Inserted module 'autofs4'
[    1.820699] systemd[1]: systemd 244-3 running in system mode. (+PAM +AUDIT +SELINUX +IMA +APPARMOR +SMACK +SYSVINIT +UTMP +LIBCRYPTSETUP +GCRYPT +GNUTLS +ACL +XZ +LZ4 +SECCOMP +BLKID +ELFUTILS +KMOD +IDN2 -IDN +PCRE2 default-hierarchy=hybrid)
[    1.820798] systemd[1]: Detected virtualization vmware.
[    1.820893] systemd[1]: Detected architecture x86-64.
[    1.846010] systemd[1]: Set hostname to <deimos>.
[    1.849304] systemd[1]: Couldn't move remaining userspace processes, ignoring: Input/output error
[    1.898316] systemd[1]: /lib/systemd/system/dbus.socket:5: ListenStream= references a path below legacy directory /var/run/, updating /var/run/dbus/system_bus_socket  /run/dbus/system_bus_socket; please update the unit file accordingly.
[    1.905866] systemd[1]: Created slice system-getty.slice.
[    1.906066] systemd[1]: Created slice system-systemd\x2dfsck.slice.
[    1.906256] systemd[1]: Created slice User and Session Slice.
[    1.906366] systemd[1]: Started Dispatch Password Requests to Console Directory Watch.
[    1.906462] systemd[1]: Started Forward Password Requests to Wall Directory Watch.
[    1.906656] systemd[1]: Set up automount Arbitrary Executable File Formats File System Automount Point.
[    1.906759] systemd[1]: Reached target Local Encrypted Volumes.
[    1.906839] systemd[1]: Reached target Paths.
[    1.906922] systemd[1]: Reached target Remote File Systems.
[    1.907002] systemd[1]: Reached target Slices.
[    1.907155] systemd[1]: Listening on Syslog Socket.
[    1.907280] systemd[1]: Listening on fsck to fsckd communication Socket.
[    1.907385] systemd[1]: Listening on initctl Compatibility Named Pipe.
[    1.907548] systemd[1]: Listening on Journal Audit Socket.
[    1.907664] systemd[1]: Listening on Journal Socket (/dev/log).
[    1.907783] systemd[1]: Listening on Journal Socket.
[    1.907912] systemd[1]: Listening on udev Control Socket.
[    1.907945] systemd[1]: Listening on udev Kernel Socket.
[    1.908092] systemd[1]: Mounting Huge Pages File System...
[    1.908709] systemd[1]: Mounting POSIX Message Queue File System...
[    1.909492] systemd[1]: Mounting Kernel Debug File System...
[    1.910458] systemd[1]: Starting Set the console keyboard layout...
[    1.911166] systemd[1]: Starting Create list of static device nodes for the current kernel...
[    1.912214] systemd[1]: Condition check resulted in Set Up Additional Binary Formats being skipped.
[    1.912303] systemd[1]: Condition check resulted in File System Check on Root Device being skipped.
[    1.913267] systemd[1]: Starting Journal Service...
[    1.914566] systemd[1]: Starting Load Kernel Modules...
[    1.915419] systemd[1]: Starting Remount Root and Kernel File Systems...
[    1.916142] systemd[1]: Starting udev Coldplug all Devices...
[    1.916875] systemd[1]: Mounted Huge Pages File System.
[    1.917003] systemd[1]: Mounted POSIX Message Queue File System.
[    1.917191] systemd[1]: Mounted Kernel Debug File System.
[    1.917547] systemd[1]: Started Create list of static device nodes for the current kernel.
[    1.926188] EXT4-fs (sda3): re-mounted. Opts: errors=remount-ro
[    1.931772] systemd[1]: Started Remount Root and Kernel File Systems.
[    1.936576] systemd[1]: Condition check resulted in Rebuild Hardware Database being skipped.
[    1.937515] systemd[1]: Starting Load/Save Random Seed...
[    1.938598] systemd[1]: Starting Create System Users...
[    1.939396] systemd[1]: Started Load Kernel Modules.
[    1.939907] systemd[1]: Condition check resulted in FUSE Control File System being skipped.
[    1.939943] systemd[1]: Condition check resulted in Kernel Configuration File System being skipped.
[    1.945191] systemd[1]: Starting Apply Kernel Variables...
[    1.954911] systemd[1]: Started Load/Save Random Seed.
[    1.955357] systemd[1]: Started Apply Kernel Variables.
[    1.961913] systemd[1]: Started Create System Users.
[    1.965012] systemd[1]: Starting Create Static Device Nodes in /dev...
[    1.971749] systemd[1]: Started Create Static Device Nodes in /dev.
[    1.972622] systemd[1]: Starting udev Kernel Device Manager...
[    2.004486] systemd[1]: Started Set the console keyboard layout.
[    2.004756] systemd[1]: Reached target Local File Systems (Pre).
[    2.008222] systemd[1]: Started udev Coldplug all Devices.
[    2.008535] systemd[1]: Started udev Kernel Device Manager.
[    2.010138] systemd[1]: Starting Helper to synchronize boot up for ifupdown...
[    2.017880] systemd[1]: Started Helper to synchronize boot up for ifupdown.
[    2.037343] input: Power Button as /devices/LNXSYSTM:00/LNXPWRBN:00/input/input3
[    2.037500] ACPI: Power Button [PWRF]
[    2.040273] ACPI: AC Adapter [ACAD] (on-line)
[    2.084200] parport_pc 00:04: reported by Plug and Play ACPI
[    2.084273] parport0: PC-style at 0x378, irq 7 [PCSPP,TRISTATE]
[    2.100491] FDC 0 is a post-1991 82077
[    2.160685] vmw_vmci 0000:00:07.7: Found VMCI PCI device at 0x11080, irq 16
[    2.160750] vmw_vmci 0000:00:07.7: Using capabilities 0xc
[    2.161170] sd 0:0:0:0: Attached scsi generic sg0 type 0
[    2.161321] sd 0:0:1:0: Attached scsi generic sg1 type 0
[    2.161397] Guest personality initialized and is active
[    2.161494] sd 0:0:2:0: Attached scsi generic sg2 type 0
[    2.161590] VMCI host device registered (name=vmci, major=10, minor=61)
[    2.161657] Initialized host personality
[    2.176464] piix4_smbus 0000:00:07.3: SMBus Host Controller not enabled!
[    2.181767] libata version 3.00 loaded.
[    2.203158] e1000: Intel(R) PRO/1000 Network Driver - version 7.3.21-k8-NAPI
[    2.203223] e1000: Copyright (c) 1999-2006 Intel Corporation.
[    2.205166] ata_piix 0000:00:07.1: version 2.13
[    2.213191] scsi host1: ata_piix
[    2.214257] scsi host2: ata_piix
[    2.214346] ata1: PATA max UDMA/33 cmd 0x1f0 ctl 0x3f6 bmdma 0x1060 irq 14
[    2.214396] ata2: PATA max UDMA/33 cmd 0x170 ctl 0x376 bmdma 0x1068 irq 15
[    2.268187] systemd[1]: Found device VMware_Virtual_S swap.
[    2.268949] systemd[1]: Activating swap /dev/disk/by-uuid/2681b4aa-1f2c-415d-a5b7-50a3bc3de08f...
[    2.279297] systemd[1]: Found device VMware_Virtual_S build.
[    2.280119] systemd[1]: Found device VMware_Virtual_S 1.
[    2.281818] systemd[1]: Found device VMware_Virtual_S boot.
[    2.283091] systemd[1]: Starting File System Check on /dev/disk/by-uuid/5442436e-f3fc-4d8a-949e-20d269b1fd0d...
[    2.283877] systemd[1]: Starting File System Check on /dev/disk/by-uuid/cdf7ed03-5962-45af-80cd-fe17c6765269...
[    2.288263] systemd[1]: Starting File System Check on /dev/disk/by-uuid/f8028672-13c6-4eec-9145-48320c9b313d...
[    2.296011] Adding 1952764k swap on /dev/sda2.  Priority:-2 extents:1 across:1952764k FS
[    2.307953] systemd[1]: Started File System Check Daemon to report status.
[    2.311699] systemd[1]: Activated swap /dev/disk/by-uuid/2681b4aa-1f2c-415d-a5b7-50a3bc3de08f.
[    2.311957] systemd[1]: Reached target Swap.
[    2.330942] systemd[1]: Started File System Check on /dev/disk/by-uuid/5442436e-f3fc-4d8a-949e-20d269b1fd0d.
[    2.331443] systemd[1]: Started File System Check on /dev/disk/by-uuid/cdf7ed03-5962-45af-80cd-fe17c6765269.
[    2.333130] systemd[1]: Mounting /boot...
[    2.335727] EXT4-fs (sda1): mounting ext2 file system using the ext4 subsystem
[    2.341435] EXT4-fs (sda1): mounted filesystem without journal. Opts: (null)
[    2.344778] systemd[1]: Mounting /mnt/sdc1...
[    2.364069] systemd[1]: Started File System Check on /dev/disk/by-uuid/f8028672-13c6-4eec-9145-48320c9b313d.
[    2.364607] systemd[1]: Mounted /boot.
[    2.366551] systemd[1]: Mounting /usr/local/build...
[    2.397161] EXT4-fs (sdc1): mounted filesystem with ordered data mode. Opts: (null)
[    2.397549] systemd[1]: Mounted /mnt/sdc1.
[    2.397931] EXT4-fs (sdb1): mounted filesystem with ordered data mode. Opts: (null)
[    2.398313] systemd[1]: Mounted /usr/local/build.
[    2.398457] systemd[1]: Reached target Local File Systems.
[    2.399046] systemd[1]: Starting Load AppArmor profiles...
[    2.399620] systemd[1]: Starting Set console font and keymap...
[    2.399717] systemd[1]: Condition check resulted in Store a System Token in an EFI Variable being skipped.
[    2.399822] systemd[1]: Condition check resulted in Commit a transient machine-id on disk being skipped.
[    2.406230] systemd[1]: Started Set console font and keymap.
[    2.407948] systemd[1]: Started Journal Service.
[    2.412654] systemd-journald[237]: Received client request to flush runtime journal.
[    2.428528] audit: type=1400 audit(1577173553.250:2): apparmor="STATUS" operation="profile_load" profile="unconfined" name="lsb_release" pid=334 comm="apparmor_parser"
[    2.428607] audit: type=1400 audit(1577173553.250:3): apparmor="STATUS" operation="profile_load" profile="unconfined" name="nvidia_modprobe" pid=333 comm="apparmor_parser"
[    2.428677] audit: type=1400 audit(1577173553.250:4): apparmor="STATUS" operation="profile_load" profile="unconfined" name="nvidia_modprobe//kmod" pid=333 comm="apparmor_parser"
[    2.429354] audit: type=1400 audit(1577173553.254:5): apparmor="STATUS" operation="profile_load" profile="unconfined" name="/usr/bin/man" pid=335 comm="apparmor_parser"
[    2.429415] audit: type=1400 audit(1577173553.254:6): apparmor="STATUS" operation="profile_load" profile="unconfined" name="man_filter" pid=335 comm="apparmor_parser"
[    2.429476] audit: type=1400 audit(1577173553.254:7): apparmor="STATUS" operation="profile_load" profile="unconfined" name="man_groff" pid=335 comm="apparmor_parser"
[    2.481099] [drm] DMA map mode: Caching DMA mappings.
[    2.481160] [drm] Capabilities:
[    2.481192] [drm]   Rect copy.
[    2.481222] [drm]   Cursor.
[    2.481250] [drm]   Cursor bypass.
[    2.481281] [drm]   Cursor bypass 2.
[    2.481313] [drm]   8bit emulation.
[    2.481345] [drm]   Alpha cursor.
[    2.481391] [drm]   Extended Fifo.
[    2.481422] [drm]   Multimon.
[    2.481451] [drm]   Pitchlock.
[    2.481481] [drm]   Irq mask.
[    2.481510] [drm]   Display Topology.
[    2.481543] [drm]   GMR.
[    2.481572] [drm]   Traces.
[    2.481602] [drm]   GMR2.
[    2.481631] [drm]   Screen Object 2.
[    2.481668] [drm]   Command Buffers.
[    2.481706] [drm] Max GMR ids is 64
[    2.484018] [drm] Max number of GMR pages is 196608
[    2.484059] [drm] Max dedicated hypervisor surface memory is 786432 kiB
[    2.484129] [drm] Maximum display memory size is 45056 kiB
[    2.484171] [drm] VRAM at 0xe8000000 size is 45056 kiB
[    2.484211] [drm] MMIO at 0xfe000000 size is 2048 kiB
[    2.484496] [TTM] Zone  kernel: Available graphics memory: 503716 KiB
[    2.484557] [TTM] Initializing pool allocator
[    2.484597] [TTM] Initializing DMA pool allocator
[    2.484654] [drm] Supports vblank timestamp caching Rev 2 (21.10.2013).
[    2.484715] [drm] No driver support for vblank timestamp query.
[    2.484973] [drm] Screen Objects Display Unit initialized
[    2.485034] [drm] width 1280
[    2.485069] [drm] height 768
[    2.485104] [drm] bpp 32
[    2.488202] [drm] Fifo max 0x00200000 min 0x00001000 cap 0x0000077f
[    2.488326] [drm] Using command buffers with DMA pool.
[    2.488388] [drm] DX: no.
[    2.488417] [drm] Atomic: yes.
[    2.488478] [drm] SM4_1: no.
[    2.497923] fbcon: svgadrmfb (fb0) is primary device
[    2.504199] Console: switching to colour frame buffer device 160x48
[    2.504508] [drm] Initialized vmwgfx 2.16.0 20190328 for 0000:00:0f.0 on minor 0
[    2.504645] input: PC Speaker as /devices/platform/pcspkr/input/input4
[    2.525536] RAPL PMU: API unit is 2^-32 Joules, 0 fixed counters, 10737418240 ms ovfl timer
[    2.548243] Error: Driver 'pcspkr' is already registered, aborting...
[    2.641695] ppdev: user-space parallel port driver
[    2.673954] cryptd: max_cpu_qlen set to 1000
[    2.677420] SSE version of gcm_enc/dec engaged.
[    2.896764] e1000 0000:02:00.0 eth0: (PCI:66MHz:32-bit) 00:0c:29:85:ac:83
[    2.896870] e1000 0000:02:00.0 eth0: Intel(R) PRO/1000 Network Connection
[    2.898640] e1000 0000:02:00.0 ens32: renamed from eth0
[    2.932588] e1000: ens32 NIC Link is Up 1000 Mbps Full Duplex, Flow Control: None
[    2.932843] IPv6: ADDRCONF(NETDEV_CHANGE): ens32: link becomes ready
[ 2381.157909] kworker/0:0 invoked oom-killer: gfp_mask=0xdc0(GFP_KERNEL|__GFP_ZERO), order=0, oom_score_adj=0
[ 2381.158014] CPU: 0 PID: 652 Comm: kworker/0:0 Not tainted 5.5.0-rc3-blastwave #1
[ 2381.158082] Hardware name: VMware, Inc. VMware Virtual Platform/440BX Desktop Reference Platform, BIOS 6.00 05/19/2017
[ 2381.158200] Workqueue: events vmw_fb_dirty_flush [vmwgfx]
[ 2381.158252] Call Trace:
[ 2381.158307]  dump_stack+0x50/0x70
[ 2381.158349]  dump_header+0x4a/0x1df
[ 2381.158389]  oom_kill_process.cold+0xb/0x10
[ 2381.158433]  out_of_memory+0x198/0x460
[ 2381.158480]  __alloc_pages_slowpath+0xb57/0xdd0
[ 2381.158530]  __alloc_pages_nodemask+0x2c1/0x300
[ 2381.158596]  vmw_validation_mem_alloc+0x74/0x120 [vmwgfx]
[ 2381.158665]  vmw_validation_add_bo+0x66/0x190 [vmwgfx]
[ 2381.158729]  vmw_du_helper_plane_update+0x311/0x360 [vmwgfx]
[ 2381.158806]  vmw_sou_plane_update_bo+0x94/0xb0 [vmwgfx]
[ 2381.158877]  ? vmw_sou_crtc_atomic_enable+0x10/0x10 [vmwgfx]
[ 2381.158942]  ? vmw_sou_surface_fifo_commit+0xf0/0xf0 [vmwgfx]
[ 2381.159007]  ? vmw_sou_bo_fifo_size+0x10/0x10 [vmwgfx]
[ 2381.159065]  ? vmw_sou_bo_populate_clip+0x40/0x40 [vmwgfx]
[ 2381.159127]  vmw_sou_primary_plane_atomic_update+0xd1/0x130 [vmwgfx]
[ 2381.159207]  drm_atomic_helper_commit_planes+0xb8/0x220 [drm_kms_helper]
[ 2381.159284]  drm_atomic_helper_commit_tail+0x27/0x70 [drm_kms_helper]
[ 2381.159418]  commit_tail+0xce/0x130 [drm_kms_helper]
[ 2381.159480]  drm_atomic_helper_commit+0x113/0x140 [drm_kms_helper]
[ 2381.159552]  drm_atomic_helper_dirtyfb+0x19e/0x270 [drm_kms_helper]
[ 2381.159624]  vmw_framebuffer_bo_dirty_ext+0x3d/0x160 [vmwgfx]
[ 2381.159692]  vmw_fb_dirty_flush+0x32c/0x370 [vmwgfx]
[ 2381.159752]  process_one_work+0x1aa/0x350
[ 2381.159798]  worker_thread+0x4d/0x3a0
[ 2381.159838]  kthread+0xf9/0x130
[ 2381.159871]  ? process_one_work+0x350/0x350
[ 2381.159914]  ? kthread_park+0x90/0x90
[ 2381.159954]  ret_from_fork+0x1f/0x40
[ 2381.159992] Mem-Info:
[ 2381.160024] active_anon:109381 inactive_anon:109793 isolated_anon:0
                active_file:40 inactive_file:25 isolated_file:1
                unevictable:0 dirty:0 writeback:0 unstable:0
                slab_reclaimable:4234 slab_unreclaimable:6671
                mapped:14 shmem:0 pagetables:1593 bounce:0
                free:12146 free_pcp:0 free_cma:0
[ 2381.160305] Node 0 active_anon:437524kB inactive_anon:439172kB active_file:160kB inactive_file:100kB unevictable:0kB isolated(anon):0kB isolated(file):4kB mapped:56kB dirty:0kB writeback:0kB shmem:0kB shmem_thp: 0kB shmem_pmdmapped: 0kB anon_thp: 0kB writeback_tmp:0kB unstable:0kB all_unreclaimable? yes
[ 2381.160533] Node 0 DMA free:4380kB min:724kB low:904kB high:1084kB reserved_highatomic:0KB active_anon:3260kB inactive_anon:8164kB active_file:0kB inactive_file:0kB unevictable:0kB writepending:0kB present:15992kB managed:15908kB mlocked:0kB kernel_stack:0kB pagetables:56kB bounce:0kB free_pcp:0kB local_pcp:0kB free_cma:0kB
[ 2381.162981] lowmem_reserve[]: 0 947 947 947 947
[ 2381.165133] Node 0 DMA32 free:44204kB min:44328kB low:55408kB high:66488kB reserved_highatomic:0KB active_anon:434292kB inactive_anon:431008kB active_file:228kB inactive_file:52kB unevictable:0kB writepending:0kB present:1032064kB managed:991524kB mlocked:0kB kernel_stack:2240kB pagetables:6316kB bounce:0kB free_pcp:0kB local_pcp:0kB free_cma:0kB
[ 2381.171970] lowmem_reserve[]: 0 0 0 0 0
[ 2381.174228] Node 0 DMA: 7*4kB (U) 6*8kB (U) 1*16kB (U) 2*32kB (UM) 2*64kB (UM) 0*128kB 2*256kB (UM) 1*512kB (M) 1*1024kB (U) 1*2048kB (M) 0*4096kB = 4380kB
[ 2381.176584] Node 0 DMA32: 123*4kB (UME) 49*8kB (UE) 78*16kB (UE) 75*32kB (UME) 36*64kB (ME) 24*128kB (UME) 15*256kB (UME) 4*512kB (ME) 28*1024kB (UME) 0*2048kB 0*4096kB = 44468kB
[ 2381.181409] Node 0 hugepages_total=0 hugepages_free=0 hugepages_surp=0 hugepages_size=1048576kB
[ 2381.183914] Node 0 hugepages_total=0 hugepages_free=0 hugepages_surp=0 hugepages_size=2048kB
[ 2381.186445] 6868 total pagecache pages
[ 2381.188933] 6798 pages in swap cache
[ 2381.191470] Swap cache stats: add 489516, delete 482689, find 374/823
[ 2381.194016] Free swap  = 0kB
[ 2381.196525] Total swap = 1952764kB
[ 2381.199048] 262014 pages RAM
[ 2381.201597] 0 pages HighMem/MovableOnly
[ 2381.204085] 10156 pages reserved
[ 2381.206508] 0 pages hwpoisoned
[ 2381.209025] Tasks state (memory values in pages):
[ 2381.211490] [  pid  ]   uid  tgid total_vm      rss pgtables_bytes swapents oom_score_adj name
[ 2381.214016] [    237]     0   237     9215        0    90112      767          -250 systemd-journal
[ 2381.216612] [    257]     0   257     5130        0    65536      416         -1000 systemd-udevd
[ 2381.219178] [    344]   101   344    22376        0    77824      227             0 systemd-timesyn
[ 2381.221790] [    442]     0   442      894        0    45056       61             0 cron
[ 2381.224322] [    443]   105   443     1762        1    53248      135          -900 dbus-daemon
[ 2381.226862] [    446]     0   446    55442        0    77824      399             0 rsyslogd
[ 2381.229446] [    457]     0   457     1400        0    49152       31             0 agetty
[ 2381.231956] [    461]     0   461     2982        0    57344      227         -1000 sshd
[ 2381.234406] [    536]     0   536     3961        0    65536      233             0 systemd-logind
[ 2381.236982] [    541]     0   541     3263        0    61440      291             0 sshd
[ 2381.239484] [    544] 16411   544     4412        0    69632      347             0 systemd
[ 2381.241954] [    545] 16411   545    25448        1    98304      599             0 (sd-pam)
[ 2381.244522] [    558] 16411   558     3345       52    61440      295             0 sshd
[ 2381.247098] [    559] 16411   559     2133        2    53248      414             0 bash
[ 2381.249630] [    689]     0   689     3263        0    65536      290             0 sshd
[ 2381.252223] [    695] 16411   695     3345       88    65536      257             0 sshd
[ 2381.254733] [    696] 16411   696     1978        2    53248      366             0 bash
[ 2381.257209] [    717] 16411   717     2009        0    53248      112             0 su
[ 2381.259726] [    718]     0   718     1978        1    57344      366             0 bash
[ 2381.262197] [   1045]     0  1045     1957      147    49152       62             0 htop
[ 2381.264656] [   1046] 16411  1046   819846   211769  5677056   481479             0 p0
[ 2381.267039] oom-kill:constraint=CONSTRAINT_NONE,nodemask=(null),cpuset=/,mems_allowed=0,global_oom,task_memcg=/user.slice/user-16411.slice/session-1.scope,task=p0,pid=1046,uid=16411
[ 2381.272010] Out of memory: Killed process 1046 (p0) total-vm:3279384kB, anon-rss:847072kB, file-rss:4kB, shmem-rss:0kB, UID:16411 pgtables:5677056kB oom_score_adj:0
[ 2381.362057] oom_reaper: reaped process 1046 (p0), now anon-rss:0kB, file-rss:0kB, shmem-rss:0kB
[ 3055.166276] p0 invoked oom-killer: gfp_mask=0x100dca(GFP_HIGHUSER_MOVABLE|__GFP_ZERO), order=0, oom_score_adj=0
[ 3055.166892] CPU: 1 PID: 1232 Comm: p0 Not tainted 5.5.0-rc3-blastwave #1
[ 3055.167464] Hardware name: VMware, Inc. VMware Virtual Platform/440BX Desktop Reference Platform, BIOS 6.00 05/19/2017
[ 3055.168040] Call Trace:
[ 3055.168574]  dump_stack+0x50/0x70
[ 3055.169102]  dump_header+0x4a/0x1df
[ 3055.169611]  oom_kill_process.cold+0xb/0x10
[ 3055.170123]  out_of_memory+0x198/0x460
[ 3055.170624]  __alloc_pages_slowpath+0xb57/0xdd0
[ 3055.171091]  __alloc_pages_nodemask+0x2c1/0x300
[ 3055.171556]  alloc_pages_vma+0x79/0x200
[ 3055.172050]  __handle_mm_fault+0xdf7/0x1740
[ 3055.172518]  handle_mm_fault+0xae/0x1e0
[ 3055.172970]  do_user_addr_fault+0x1f8/0x450
[ 3055.173444]  page_fault+0x2f/0x40
[ 3055.173892] RIP: 0033:0x55edfe72c6e4
[ 3055.174361] Code: ff ff 8b 70 08 48 8b 85 08 ff ff ff 8b 48 0c 48 63 d2 48 8b 85 08 ff ff ff 48 63 c9 48 63 f6 48 c1 e6 10 48 01 f1 48 83 c1 02 <48> 89 54 c8 08 48 8b 85 08 ff ff ff 8b 40 0c 8d 50 01 48 8b 85 08
[ 3055.175335] RSP: 002b:00007ff7f01f1c00 EFLAGS: 00010202
[ 3055.175847] RAX: 00007ff7f01f3010 RBX: 0000000000000000 RCX: 00000000013813fd
[ 3055.176352] RDX: 00000000001859e8 RSI: 0000000001380000 RDI: 00007ff7f01f16a0
[ 3055.176841] RBP: 00007ff7f01f1ef0 R08: 0000000000000000 R09: 0000000000000021
[ 3055.177328] R10: 676e696c6c696620 R11: 0000000000000206 R12: 00007fffcfe92f7e
[ 3055.177863] R13: 00007fffcfe92f7f R14: 00007ff7f01f2700 R15: 00007ff7f01f1fc0
[ 3055.178419] Mem-Info:
[ 3055.178922] active_anon:110616 inactive_anon:108154 isolated_anon:32
                active_file:37 inactive_file:12 isolated_file:0
                unevictable:0 dirty:0 writeback:25 unstable:0
                slab_reclaimable:4281 slab_unreclaimable:6697
                mapped:28 shmem:0 pagetables:1545 bounce:0
                free:12146 free_pcp:431 free_cma:0
[ 3055.181973] Node 0 active_anon:442336kB inactive_anon:432684kB active_file:148kB inactive_file:48kB unevictable:0kB isolated(anon):128kB isolated(file):0kB mapped:112kB dirty:0kB writeback:100kB shmem:0kB shmem_thp: 0kB shmem_pmdmapped: 0kB anon_thp: 0kB writeback_tmp:0kB unstable:0kB all_unreclaimable? no
[ 3055.183093] Node 0 DMA free:4452kB min:724kB low:904kB high:1084kB reserved_highatomic:0KB active_anon:7644kB inactive_anon:3756kB active_file:0kB inactive_file:0kB unevictable:0kB writepending:4kB present:15992kB managed:15908kB mlocked:0kB kernel_stack:0kB pagetables:32kB bounce:0kB free_pcp:0kB local_pcp:0kB free_cma:0kB
[ 3055.184877] lowmem_reserve[]: 0 947 947 947 947
[ 3055.185507] Node 0 DMA32 free:44132kB min:44328kB low:55408kB high:66488kB reserved_highatomic:0KB active_anon:429820kB inactive_anon:433856kB active_file:372kB inactive_file:476kB unevictable:0kB writepending:232kB present:1032064kB managed:991524kB mlocked:0kB kernel_stack:2208kB pagetables:6148kB bounce:0kB free_pcp:612kB local_pcp:612kB free_cma:0kB
[ 3055.187574] lowmem_reserve[]: 0 0 0 0 0
[ 3055.188295] Node 0 DMA: 0*4kB 2*8kB (U) 3*16kB (UM) 1*32kB (M) 2*64kB (UM) 1*128kB (U) 2*256kB (UM) 1*512kB (M) 3*1024kB (UM) 0*2048kB 0*4096kB = 4448kB
[ 3055.189093] Node 0 DMA32: 56*4kB (UE) 76*8kB (UME) 81*16kB (ME) 71*32kB (UME) 37*64kB (UE) 21*128kB (UE) 15*256kB (UME) 5*512kB (UE) 28*1024kB (UME) 0*2048kB 0*4096kB = 44528kB
